#-----------------------------------------------------------
# Vivado v2019.1 (64-bit)
# SW Build 2552052 on Fri May 24 14:49:42 MDT 2019
# IP Build 2548770 on Fri May 24 18:01:18 MDT 2019
# Start of session at: Mon Jun 30 11:14:38 2025
# Process ID: 18836
# Current directory: C:/Users/VICTUS/Desktop/FPGAthi/bodem
# Command line: vivado.exe -gui_launcher_event rodinguilauncherevent3016 C:\Users\VICTUS\Desktop\FPGAthi\bodem\bodem.xpr
# Log file: C:/Users/VICTUS/Desktop/FPGAthi/bodem/vivado.log
# Journal file: C:/Users/VICTUS/Desktop/FPGAthi/bodem\vivado.jou
#-----------------------------------------------------------
start_gui
open_project -part xc7a12ticsg325-1L C:/Users/VICTUS/Desktop/FPGAthi/bodem/bodem.xpr
update_compile_order -fileset sources_1
reset_run synth_1
launch_runs synth_1 -jobs 6
wait_on_run synth_1
launch_simulation
source tb_random_counter.tcl
close_sim
reset_run synth_1
launch_runs synth_1 -jobs 6
wait_on_run synth_1
launch_simulation
source tb_random_counter.tcl
run 10 us
run 100 us
run 100 us
