#-----------------------------------------------------------
# Vivado v2017.4 (64-bit)
# SW Build 2086221 on Fri Dec 15 20:55:39 MST 2017
# IP Build 2085800 on Fri Dec 15 22:25:07 MST 2017
# Start of session at: Mon May 27 11:43:18 2024
# Process ID: 4640
# Current directory: C:/Users/admin/Desktop/parallel_to_serial
# Command line: vivado.exe -gui_launcher_event rodinguilauncherevent29928 C:\Users\admin\Desktop\parallel_to_serial\parallel_to_serial.xpr
# Log file: C:/Users/admin/Desktop/parallel_to_serial/vivado.log
# Journal file: C:/Users/admin/Desktop/parallel_to_serial\vivado.jou
#-----------------------------------------------------------
start_gui
open_project C:/Users/admin/Desktop/parallel_to_serial/parallel_to_serial.xpr
update_compile_order -fileset sources_1
launch_runs impl_1 -to_step write_bitstream -jobs 8
wait_on_run impl_1
reset_run synth_1
launch_runs synth_1 -jobs 8
wait_on_run synth_1
launch_runs impl_1 -jobs 8
wait_on_run impl_1
launch_simulation
source par2ser_tb.tcl
close_sim
