#-----------------------------------------------------------
# Vivado v2017.4 (64-bit)
# SW Build 2086221 on Fri Dec 15 20:55:39 MST 2017
# IP Build 2085800 on Fri Dec 15 22:25:07 MST 2017
# Start of session at: Mon May 27 14:58:32 2024
# Process ID: 24020
# Current directory: C:/Users/admin/Desktop/FPGA thi/Cau2/BoDemTien8Bit
# Command line: vivado.exe -gui_launcher_event rodinguilauncherevent38592 C:\Users\admin\Desktop\FPGA thi\Cau2\BoDemTien8Bit\BoDemTien8Bit.xpr
# Log file: C:/Users/admin/Desktop/FPGA thi/Cau2/BoDemTien8Bit/vivado.log
# Journal file: C:/Users/admin/Desktop/FPGA thi/Cau2/BoDemTien8Bit\vivado.jou
#-----------------------------------------------------------
start_gui
open_project {C:/Users/admin/Desktop/FPGA thi/Cau2/BoDemTien8Bit/BoDemTien8Bit.xpr}
update_compile_order -fileset sources_1
open_hw
connect_hw_server
open_hw_target
set_property PROGRAM.FILE {C:/Users/admin/Desktop/FPGA thi/Cau2/BoDemTien8Bit/BoDemTien8Bit.runs/impl_2/TopModule.bit} [get_hw_devices xc7a35t_0]
current_hw_device [get_hw_devices xc7a35t_0]
refresh_hw_device -update_hw_probes false [lindex [get_hw_devices xc7a35t_0] 0]
set_property PROBES.FILE {} [get_hw_devices xc7a35t_0]
set_property FULL_PROBES.FILE {} [get_hw_devices xc7a35t_0]
set_property PROGRAM.FILE {C:/Users/admin/Desktop/FPGA thi/Cau2/BoDemTien8Bit/BoDemTien8Bit.runs/impl_2/TopModule.bit} [get_hw_devices xc7a35t_0]
program_hw_devices [get_hw_devices xc7a35t_0]
refresh_hw_device [lindex [get_hw_devices xc7a35t_0] 0]
close_hw
