#-----------------------------------------------------------
# Vivado v2017.4 (64-bit)
# SW Build 2086221 on Fri Dec 15 20:55:39 MST 2017
# IP Build 2085800 on Fri Dec 15 22:25:07 MST 2017
# Start of session at: Sun May 19 16:33:34 2024
# Process ID: 29204
# Current directory: C:/Users/admin/Desktop/BTL_LM75/at7_prj_14/at7_prj
# Command line: vivado.exe -gui_launcher_event rodinguilauncherevent35768 C:\Users\admin\Desktop\BTL_LM75\at7_prj_14\at7_prj\temp_lm75_test.xpr
# Log file: C:/Users/admin/Desktop/BTL_LM75/at7_prj_14/at7_prj/vivado.log
# Journal file: C:/Users/admin/Desktop/BTL_LM75/at7_prj_14/at7_prj\vivado.jou
#-----------------------------------------------------------
start_gui
open_project C:/Users/admin/Desktop/BTL_LM75/at7_prj_14/at7_prj/temp_lm75_test.xpr
update_compile_order -fileset sources_1
reset_run synth_1
launch_runs impl_2 -to_step write_bitstream -jobs 8
wait_on_run impl_2
reset_run synth_1
launch_runs impl_2 -to_step write_bitstream -jobs 8
wait_on_run impl_2
open_hw
connect_hw_server
open_hw_target
current_hw_device [get_hw_devices xc7a35t_0]
refresh_hw_device -update_hw_probes false [lindex [get_hw_devices xc7a35t_0] 0]
close_hw
reset_run impl_2 -prev_step 
launch_runs impl_2 -to_step write_bitstream -jobs 8
wait_on_run impl_2
reset_run impl_2 -prev_step 
launch_runs impl_2 -to_step write_bitstream -jobs 8
wait_on_run impl_2
reset_run synth_1
launch_runs impl_2 -to_step write_bitstream -jobs 8
wait_on_run impl_2
