#-----------------------------------------------------------
# Vivado v2017.4 (64-bit)
# SW Build 2086221 on Fri Dec 15 20:55:39 MST 2017
# IP Build 2085800 on Fri Dec 15 22:25:07 MST 2017
# Start of session at: Mon May 27 11:34:23 2024
# Process ID: 34944
# Current directory: C:/Users/admin/Desktop/serial_to_parallel
# Command line: vivado.exe -gui_launcher_event rodinguilauncherevent23476 C:\Users\admin\Desktop\serial_to_parallel\serial_to_parallel.xpr
# Log file: C:/Users/admin/Desktop/serial_to_parallel/vivado.log
# Journal file: C:/Users/admin/Desktop/serial_to_parallel\vivado.jou
#-----------------------------------------------------------
start_gui
open_project C:/Users/admin/Desktop/serial_to_parallel/serial_to_parallel.xpr
update_compile_order -fileset sources_1
reset_run synth_1
launch_runs synth_1 -jobs 8
wait_on_run synth_1
launch_runs impl_1 -jobs 8
wait_on_run impl_1
launch_simulation
reset_run synth_1
launch_runs synth_1 -jobs 8
wait_on_run synth_1
launch_runs impl_1 -jobs 8
wait_on_run impl_1
launch_simulation
