Analysis & Synthesis report for decimal
Sun Jul 17 15:38:43 2022
Quartus II 64-Bit Version 13.0.0 Build 156 04/24/2013 SJ Web Edition


---------------------
; Table of Contents ;
---------------------
  1. Legal Notice
  2. Analysis & Synthesis Summary
  3. Analysis & Synthesis Settings
  4. Parallel Compilation
  5. Analysis & Synthesis Source Files Read
  6. Analysis & Synthesis Resource Usage Summary
  7. Analysis & Synthesis Resource Utilization by Entity
  8. State Machine - |Delay_test|LED_pos
  9. Registers Removed During Synthesis
 10. Removed Registers Triggering Further Register Optimizations
 11. General Register Statistics
 12. Inverted Register Statistics
 13. Port Connectivity Checks: "display_7_seg:display|decoder_7_seg:decoder"
 14. Port Connectivity Checks: "display_7_seg:display"
 15. Elapsed Time Per Partition
 16. Analysis & Synthesis Messages
 17. Analysis & Synthesis Suppressed Messages



----------------
; Legal Notice ;
----------------
Copyright (C) 1991-2013 Altera Corporation
Your use of Altera Corporation's design tools, logic functions 
and other software and tools, and its AMPP partner logic 
functions, and any output files from any of the foregoing 
(including device programming or simulation files), and any 
associated documentation or information are expressly subject 
to the terms and conditions of the Altera Program License 
Subscription Agreement, Altera MegaCore Function License 
Agreement, or other applicable license agreement, including, 
without limitation, that your use is for the sole purpose of 
programming logic devices manufactured by Altera and sold by 
Altera or its authorized distributors.  Please refer to the 
applicable agreement for further details.



+---------------------------------------------------------------------------------+
; Analysis & Synthesis Summary                                                    ;
+------------------------------------+--------------------------------------------+
; Analysis & Synthesis Status        ; Successful - Sun Jul 17 15:38:43 2022      ;
; Quartus II 64-Bit Version          ; 13.0.0 Build 156 04/24/2013 SJ Web Edition ;
; Revision Name                      ; decimal                                    ;
; Top-level Entity Name              ; Delay_test                                 ;
; Family                             ; Cyclone IV E                               ;
; Total logic elements               ; 97                                         ;
;     Total combinational functions  ; 92                                         ;
;     Dedicated logic registers      ; 71                                         ;
; Total registers                    ; 71                                         ;
; Total pins                         ; 18                                         ;
; Total virtual pins                 ; 0                                          ;
; Total memory bits                  ; 0                                          ;
; Embedded Multiplier 9-bit elements ; 0                                          ;
; Total PLLs                         ; 0                                          ;
+------------------------------------+--------------------------------------------+


+----------------------------------------------------------------------------------------------------------------------+
; Analysis & Synthesis Settings                                                                                        ;
+----------------------------------------------------------------------------+--------------------+--------------------+
; Option                                                                     ; Setting            ; Default Value      ;
+----------------------------------------------------------------------------+--------------------+--------------------+
; Device                                                                     ; EP4CE6E22C8        ;                    ;
; Top-level entity name                                                      ; Delay_test         ; decimal            ;
; Family name                                                                ; Cyclone IV E       ; Cyclone IV GX      ;
; Type of Retiming Performed During Resynthesis                              ; Full               ;                    ;
; Resynthesis Optimization Effort                                            ; Normal             ;                    ;
; Physical Synthesis Level for Resynthesis                                   ; Normal             ;                    ;
; Use Generated Physical Constraints File                                    ; On                 ;                    ;
; Use smart compilation                                                      ; Off                ; Off                ;
; Enable parallel Assembler and TimeQuest Timing Analyzer during compilation ; On                 ; On                 ;
; Enable compact report table                                                ; Off                ; Off                ;
; Restructure Multiplexers                                                   ; Auto               ; Auto               ;
; Create Debugging Nodes for IP Cores                                        ; Off                ; Off                ;
; Preserve fewer node names                                                  ; On                 ; On                 ;
; Disable OpenCore Plus hardware evaluation                                  ; Off                ; Off                ;
; Verilog Version                                                            ; Verilog_2001       ; Verilog_2001       ;
; VHDL Version                                                               ; VHDL_1993          ; VHDL_1993          ;
; State Machine Processing                                                   ; Auto               ; Auto               ;
; Safe State Machine                                                         ; Off                ; Off                ;
; Extract Verilog State Machines                                             ; On                 ; On                 ;
; Extract VHDL State Machines                                                ; On                 ; On                 ;
; Ignore Verilog initial constructs                                          ; Off                ; Off                ;
; Iteration limit for constant Verilog loops                                 ; 5000               ; 5000               ;
; Iteration limit for non-constant Verilog loops                             ; 250                ; 250                ;
; Add Pass-Through Logic to Inferred RAMs                                    ; On                 ; On                 ;
; Infer RAMs from Raw Logic                                                  ; On                 ; On                 ;
; Parallel Synthesis                                                         ; On                 ; On                 ;
; DSP Block Balancing                                                        ; Auto               ; Auto               ;
; NOT Gate Push-Back                                                         ; On                 ; On                 ;
; Power-Up Don't Care                                                        ; On                 ; On                 ;
; Remove Redundant Logic Cells                                               ; Off                ; Off                ;
; Remove Duplicate Registers                                                 ; On                 ; On                 ;
; Ignore CARRY Buffers                                                       ; Off                ; Off                ;
; Ignore CASCADE Buffers                                                     ; Off                ; Off                ;
; Ignore GLOBAL Buffers                                                      ; Off                ; Off                ;
; Ignore ROW GLOBAL Buffers                                                  ; Off                ; Off                ;
; Ignore LCELL Buffers                                                       ; Off                ; Off                ;
; Ignore SOFT Buffers                                                        ; On                 ; On                 ;
; Limit AHDL Integers to 32 Bits                                             ; Off                ; Off                ;
; Optimization Technique                                                     ; Balanced           ; Balanced           ;
; Carry Chain Length                                                         ; 70                 ; 70                 ;
; Auto Carry Chains                                                          ; On                 ; On                 ;
; Auto Open-Drain Pins                                                       ; On                 ; On                 ;
; Perform WYSIWYG Primitive Resynthesis                                      ; Off                ; Off                ;
; Auto ROM Replacement                                                       ; On                 ; On                 ;
; Auto RAM Replacement                                                       ; On                 ; On                 ;
; Auto DSP Block Replacement                                                 ; On                 ; On                 ;
; Auto Shift Register Replacement                                            ; Auto               ; Auto               ;
; Allow Shift Register Merging across Hierarchies                            ; Auto               ; Auto               ;
; Auto Clock Enable Replacement                                              ; On                 ; On                 ;
; Strict RAM Replacement                                                     ; Off                ; Off                ;
; Allow Synchronous Control Signals                                          ; On                 ; On                 ;
; Force Use of Synchronous Clear Signals                                     ; Off                ; Off                ;
; Auto RAM Block Balancing                                                   ; On                 ; On                 ;
; Auto RAM to Logic Cell Conversion                                          ; Off                ; Off                ;
; Auto Resource Sharing                                                      ; Off                ; Off                ;
; Allow Any RAM Size For Recognition                                         ; Off                ; Off                ;
; Allow Any ROM Size For Recognition                                         ; Off                ; Off                ;
; Allow Any Shift Register Size For Recognition                              ; Off                ; Off                ;
; Use LogicLock Constraints during Resource Balancing                        ; On                 ; On                 ;
; Ignore translate_off and synthesis_off directives                          ; Off                ; Off                ;
; Timing-Driven Synthesis                                                    ; On                 ; On                 ;
; Report Parameter Settings                                                  ; On                 ; On                 ;
; Report Source Assignments                                                  ; On                 ; On                 ;
; Report Connectivity Checks                                                 ; On                 ; On                 ;
; Ignore Maximum Fan-Out Assignments                                         ; Off                ; Off                ;
; Synchronization Register Chain Length                                      ; 2                  ; 2                  ;
; PowerPlay Power Optimization                                               ; Normal compilation ; Normal compilation ;
; HDL message level                                                          ; Level2             ; Level2             ;
; Suppress Register Optimization Related Messages                            ; Off                ; Off                ;
; Number of Removed Registers Reported in Synthesis Report                   ; 5000               ; 5000               ;
; Number of Swept Nodes Reported in Synthesis Report                         ; 5000               ; 5000               ;
; Number of Inverted Registers Reported in Synthesis Report                  ; 100                ; 100                ;
; Clock MUX Protection                                                       ; On                 ; On                 ;
; Auto Gated Clock Conversion                                                ; Off                ; Off                ;
; Block Design Naming                                                        ; Auto               ; Auto               ;
; SDC constraint protection                                                  ; Off                ; Off                ;
; Synthesis Effort                                                           ; Auto               ; Auto               ;
; Shift Register Replacement - Allow Asynchronous Clear Signal               ; On                 ; On                 ;
; Pre-Mapping Resynthesis Optimization                                       ; Off                ; Off                ;
; Analysis & Synthesis Message Level                                         ; Medium             ; Medium             ;
; Disable Register Merging Across Hierarchies                                ; Auto               ; Auto               ;
; Resource Aware Inference For Block RAM                                     ; On                 ; On                 ;
; Synthesis Seed                                                             ; 1                  ; 1                  ;
+----------------------------------------------------------------------------+--------------------+--------------------+


+------------------------------------------+
; Parallel Compilation                     ;
+----------------------------+-------------+
; Processors                 ; Number      ;
+----------------------------+-------------+
; Number detected on machine ; 4           ;
; Maximum allowed            ; 4           ;
;                            ;             ;
; Average used               ; 1.00        ;
; Maximum used               ; 1           ;
;                            ;             ;
; Usage by Processor         ; % Time Used ;
;     Processor 1            ; 100.0%      ;
;     Processors 2-4         ;   0.0%      ;
+----------------------------+-------------+


+----------------------------------------------------------------------------------------------------------------------+
; Analysis & Synthesis Source Files Read                                                                               ;
+----------------------------------+-----------------+------------------------+------------------------------+---------+
; File Name with User-Entered Path ; Used in Netlist ; File Type              ; File Name with Absolute Path ; Library ;
+----------------------------------+-----------------+------------------------+------------------------------+---------+
; decoder_7_seg.v                  ; yes             ; User Verilog HDL File  ; D:/decimal/decoder_7_seg.v   ;         ;
; display_7_seg.v                  ; yes             ; User Verilog HDL File  ; D:/decimal/display_7_seg.v   ;         ;
; Delay_test.v                     ; yes             ; User Verilog HDL File  ; D:/decimal/Delay_test.v      ;         ;
+----------------------------------+-----------------+------------------------+------------------------------+---------+


+---------------------------------------------------------+
; Analysis & Synthesis Resource Usage Summary             ;
+---------------------------------------------+-----------+
; Resource                                    ; Usage     ;
+---------------------------------------------+-----------+
; Estimated Total logic elements              ; 97        ;
;                                             ;           ;
; Total combinational functions               ; 92        ;
; Logic element usage by number of LUT inputs ;           ;
;     -- 4 input functions                    ; 26        ;
;     -- 3 input functions                    ; 6         ;
;     -- <=2 input functions                  ; 60        ;
;                                             ;           ;
; Logic elements by mode                      ;           ;
;     -- normal mode                          ; 43        ;
;     -- arithmetic mode                      ; 49        ;
;                                             ;           ;
; Total registers                             ; 71        ;
;     -- Dedicated logic registers            ; 71        ;
;     -- I/O registers                        ; 0         ;
;                                             ;           ;
; I/O pins                                    ; 18        ;
; Embedded Multiplier 9-bit elements          ; 0         ;
; Maximum fan-out node                        ; CLK~input ;
; Maximum fan-out                             ; 71        ;
; Total fan-out                               ; 443       ;
; Average fan-out                             ; 2.23      ;
+---------------------------------------------+-----------+


+--------------------------------------------------------------------------------------------------------------------------------------------------------------------------------------------------------------------+
; Analysis & Synthesis Resource Utilization by Entity                                                                                                                                                                ;
+-------------------------------+-------------------+--------------+-------------+--------------+---------+-----------+------+--------------+---------------------------------------------------------+--------------+
; Compilation Hierarchy Node    ; LC Combinationals ; LC Registers ; Memory Bits ; DSP Elements ; DSP 9x9 ; DSP 18x18 ; Pins ; Virtual Pins ; Full Hierarchy Name                                     ; Library Name ;
+-------------------------------+-------------------+--------------+-------------+--------------+---------+-----------+------+--------------+---------------------------------------------------------+--------------+
; |Delay_test                   ; 92 (45)           ; 71 (37)      ; 0           ; 0            ; 0       ; 0         ; 18   ; 0            ; |Delay_test                                             ;              ;
;    |display_7_seg:display|    ; 47 (45)           ; 34 (31)      ; 0           ; 0            ; 0       ; 0         ; 0    ; 0            ; |Delay_test|display_7_seg:display                       ;              ;
;       |decoder_7_seg:decoder| ; 2 (2)             ; 3 (3)        ; 0           ; 0            ; 0       ; 0         ; 0    ; 0            ; |Delay_test|display_7_seg:display|decoder_7_seg:decoder ;              ;
+-------------------------------+-------------------+--------------+-------------+--------------+---------+-----------+------+--------------+---------------------------------------------------------+--------------+
Note: For table entries with two numbers listed, the numbers in parentheses indicate the number of resources of the given type used by the specific entity alone. The numbers listed outside of parentheses indicate the total resources of the given type used by the specific entity and all of its sub-entities in the hierarchy.


Encoding Type:  One-Hot
+--------------------------------------------------------------------------+
; State Machine - |Delay_test|LED_pos                                      ;
+--------------+--------------+--------------+--------------+--------------+
; Name         ; LED_pos.0011 ; LED_pos.0010 ; LED_pos.0001 ; LED_pos.0100 ;
+--------------+--------------+--------------+--------------+--------------+
; LED_pos.0001 ; 0            ; 0            ; 0            ; 0            ;
; LED_pos.0010 ; 0            ; 1            ; 1            ; 0            ;
; LED_pos.0011 ; 1            ; 0            ; 1            ; 0            ;
; LED_pos.0100 ; 0            ; 0            ; 1            ; 1            ;
+--------------+--------------+--------------+--------------+--------------+


+----------------------------------------------------------------------------------------------------------+
; Registers Removed During Synthesis                                                                       ;
+--------------------------------------------------------+-------------------------------------------------+
; Register name                                          ; Reason for Removal                              ;
+--------------------------------------------------------+-------------------------------------------------+
; thousands[1,2]                                         ; Stuck at GND due to stuck port data_in          ;
; display_7_seg:display|digit_posn[2..4]                 ; Stuck at GND due to stuck port data_in          ;
; thousands[3]                                           ; Merged with thousands[0]                        ;
; units[0..3]                                            ; Stuck at GND due to stuck port data_in          ;
; tens[0..3]                                             ; Stuck at GND due to stuck port data_in          ;
; hundreds[0..3]                                         ; Stuck at GND due to stuck port data_in          ;
; display_7_seg:display|digit_data[1,2]                  ; Stuck at GND due to stuck port data_in          ;
; display_7_seg:display|decoder_7_seg:decoder|SEG[1,2]   ; Stuck at GND due to stuck port data_in          ;
; display_7_seg:display|digit_data[3]                    ; Merged with display_7_seg:display|digit_data[0] ;
; display_7_seg:display|decoder_7_seg:decoder|SEG[0,3,5] ; Stuck at GND due to stuck port data_in          ;
; LED_pos~2                                              ; Lost fanout                                     ;
; LED_pos~3                                              ; Lost fanout                                     ;
; LED_pos~5                                              ; Lost fanout                                     ;
; Total Number of Removed Registers = 29                 ;                                                 ;
+--------------------------------------------------------+-------------------------------------------------+


+-----------------------------------------------------------------------------------------------------------------------+
; Removed Registers Triggering Further Register Optimizations                                                           ;
+-------------------------------------+---------------------------+-----------------------------------------------------+
; Register name                       ; Reason for Removal        ; Registers Removed due to This Register              ;
+-------------------------------------+---------------------------+-----------------------------------------------------+
; display_7_seg:display|digit_posn[2] ; Stuck at GND              ; display_7_seg:display|decoder_7_seg:decoder|SEG[2], ;
;                                     ; due to stuck port data_in ; display_7_seg:display|decoder_7_seg:decoder|SEG[1], ;
;                                     ;                           ; display_7_seg:display|decoder_7_seg:decoder|SEG[0], ;
;                                     ;                           ; display_7_seg:display|decoder_7_seg:decoder|SEG[3], ;
;                                     ;                           ; display_7_seg:display|decoder_7_seg:decoder|SEG[5]  ;
; thousands[1]                        ; Stuck at GND              ; display_7_seg:display|digit_data[1]                 ;
;                                     ; due to stuck port data_in ;                                                     ;
; thousands[2]                        ; Stuck at GND              ; display_7_seg:display|digit_data[2]                 ;
;                                     ; due to stuck port data_in ;                                                     ;
+-------------------------------------+---------------------------+-----------------------------------------------------+


+------------------------------------------------------+
; General Register Statistics                          ;
+----------------------------------------------+-------+
; Statistic                                    ; Value ;
+----------------------------------------------+-------+
; Total registers                              ; 71    ;
; Number of registers using Synchronous Clear  ; 27    ;
; Number of registers using Synchronous Load   ; 0     ;
; Number of registers using Asynchronous Clear ; 0     ;
; Number of registers using Asynchronous Load  ; 0     ;
; Number of registers using Clock Enable       ; 11    ;
; Number of registers using Preset             ; 0     ;
+----------------------------------------------+-------+


+--------------------------------------------------+
; Inverted Register Statistics                     ;
+----------------------------------------+---------+
; Inverted Register                      ; Fan out ;
+----------------------------------------+---------+
; LED_status[0]                          ; 5       ;
; Total number of inverted registers = 1 ;         ;
+----------------------------------------+---------+


+------------------------------------------------------------------------------------------------------------------------------------------------------------------------------------------------------------------+
; Port Connectivity Checks: "display_7_seg:display|decoder_7_seg:decoder"                                                                                                                                          ;
+------------+-------+----------+----------------------------------------------------------------------------------------------------------------------------------------------------------------------------------+
; Port       ; Type  ; Severity ; Details                                                                                                                                                                          ;
+------------+-------+----------+----------------------------------------------------------------------------------------------------------------------------------------------------------------------------------+
; D          ; Input ; Warning  ; Input port expression (5 bits) is wider than the input port (4 bits) it drives.  The 1 most-significant bit(s) in the expression will be dangling if they have no other fanouts. ;
; digit_posn ; Input ; Warning  ; Input port expression (5 bits) is wider than the input port (4 bits) it drives.  The 1 most-significant bit(s) in the expression will be dangling if they have no other fanouts. ;
+------------+-------+----------+----------------------------------------------------------------------------------------------------------------------------------------------------------------------------------+


+------------------------------------------------------------------------------------------------------------------------------------------------------------------------------------------------------------------+
; Port Connectivity Checks: "display_7_seg:display"                                                                                                                                                                ;
+-----------+--------+----------+----------------------------------------------------------------------------------------------------------------------------------------------------------------------------------+
; Port      ; Type   ; Severity ; Details                                                                                                                                                                          ;
+-----------+--------+----------+----------------------------------------------------------------------------------------------------------------------------------------------------------------------------------+
; units     ; Input  ; Warning  ; Input port expression (5 bits) is wider than the input port (4 bits) it drives.  The 1 most-significant bit(s) in the expression will be dangling if they have no other fanouts. ;
; tens      ; Input  ; Warning  ; Input port expression (5 bits) is wider than the input port (4 bits) it drives.  The 1 most-significant bit(s) in the expression will be dangling if they have no other fanouts. ;
; hundreds  ; Input  ; Warning  ; Input port expression (5 bits) is wider than the input port (4 bits) it drives.  The 1 most-significant bit(s) in the expression will be dangling if they have no other fanouts. ;
; thousands ; Input  ; Warning  ; Input port expression (5 bits) is wider than the input port (4 bits) it drives.  The 1 most-significant bit(s) in the expression will be dangling if they have no other fanouts. ;
; DIGIT     ; Output ; Warning  ; Output or bidir port (4 bits) is smaller than the port expression (5 bits) it drives.  The 1 most-significant bit(s) in the port expression will be connected to GND.            ;
+-----------+--------+----------+----------------------------------------------------------------------------------------------------------------------------------------------------------------------------------+


+-------------------------------+
; Elapsed Time Per Partition    ;
+----------------+--------------+
; Partition Name ; Elapsed Time ;
+----------------+--------------+
; Top            ; 00:00:01     ;
+----------------+--------------+


+-------------------------------+
; Analysis & Synthesis Messages ;
+-------------------------------+
Info: *******************************************************************
Info: Running Quartus II 64-Bit Analysis & Synthesis
    Info: Version 13.0.0 Build 156 04/24/2013 SJ Web Edition
    Info: Processing started: Sun Jul 17 15:38:39 2022
Info: Command: quartus_map --read_settings_files=on --write_settings_files=off decimal -c decimal
Info (20030): Parallel compilation is enabled and will use 4 of the 4 processors detected
Warning (10229): Verilog HDL Expression warning at decoder_7_seg.v(45): truncated literal to match 8 bits
Info (12021): Found 1 design units, including 1 entities, in source file decoder_7_seg.v
    Info (12023): Found entity 1: decoder_7_seg
Info (12021): Found 1 design units, including 1 entities, in source file display_7_seg.v
    Info (12023): Found entity 1: display_7_seg
Info (12021): Found 1 design units, including 1 entities, in source file delay_test.v
    Info (12023): Found entity 1: Delay_test
Info (12127): Elaborating entity "Delay_test" for the top level hierarchy
Warning (10036): Verilog HDL or VHDL warning at Delay_test.v(38): object "number1" assigned a value but never read
Warning (10036): Verilog HDL or VHDL warning at Delay_test.v(39): object "number2" assigned a value but never read
Warning (10858): Verilog HDL warning at Delay_test.v(40): object remainder used but never assigned
Warning (10858): Verilog HDL warning at Delay_test.v(42): object result used but never assigned
Warning (10230): Verilog HDL assignment warning at Delay_test.v(63): truncated value with size 32 to match size of target (5)
Warning (10230): Verilog HDL assignment warning at Delay_test.v(64): truncated value with size 32 to match size of target (5)
Warning (10230): Verilog HDL assignment warning at Delay_test.v(65): truncated value with size 32 to match size of target (5)
Warning (10230): Verilog HDL assignment warning at Delay_test.v(76): truncated value with size 32 to match size of target (27)
Warning (10230): Verilog HDL assignment warning at Delay_test.v(83): truncated value with size 2 to match size of target (1)
Warning (10230): Verilog HDL assignment warning at Delay_test.v(89): truncated value with size 2 to match size of target (1)
Warning (10230): Verilog HDL assignment warning at Delay_test.v(95): truncated value with size 2 to match size of target (1)
Warning (10230): Verilog HDL assignment warning at Delay_test.v(101): truncated value with size 2 to match size of target (1)
Warning (10030): Net "remainder" at Delay_test.v(40) has no driver or initial value, using a default initial value '0'
Warning (10030): Net "result" at Delay_test.v(42) has no driver or initial value, using a default initial value '0'
Info (12128): Elaborating entity "display_7_seg" for hierarchy "display_7_seg:display"
Info (12128): Elaborating entity "decoder_7_seg" for hierarchy "display_7_seg:display|decoder_7_seg:decoder"
Warning (12241): 2 hierarchies have connectivity warnings - see the Connectivity Checks report folder
Warning (13024): Output pins are stuck at VCC or GND
    Warning (13410): Pin "SEG[0]" is stuck at GND
    Warning (13410): Pin "SEG[1]" is stuck at GND
    Warning (13410): Pin "SEG[2]" is stuck at GND
    Warning (13410): Pin "SEG[3]" is stuck at GND
    Warning (13410): Pin "SEG[5]" is stuck at GND
    Warning (13410): Pin "DIGIT[4]" is stuck at GND
Info (286030): Timing-Driven Synthesis is running
Info (17049): 3 registers lost all their fanouts during netlist optimizations.
Info (144001): Generated suppressed messages file D:/decimal/output_files/decimal.map.smsg
Info (16010): Generating hard_block partition "hard_block:auto_generated_inst"
    Info (16011): Adding 0 node(s), including 0 DDIO, 0 PLL, 0 transceiver and 0 LCELL
Info (21057): Implemented 116 device resources after synthesis - the final resource count might be different
    Info (21058): Implemented 1 input pins
    Info (21059): Implemented 17 output pins
    Info (21061): Implemented 98 logic cells
Info: Quartus II 64-Bit Analysis & Synthesis was successful. 0 errors, 23 warnings
    Info: Peak virtual memory: 451 megabytes
    Info: Processing ended: Sun Jul 17 15:38:43 2022
    Info: Elapsed time: 00:00:04
    Info: Total CPU time (on all processors): 00:00:05


+------------------------------------------+
; Analysis & Synthesis Suppressed Messages ;
+------------------------------------------+
The suppressed messages can be found in D:/decimal/output_files/decimal.map.smsg.


