Analysis & Synthesis report for LM75
Mon Sep 05 12:03:05 2022
Quartus II 64-Bit Version 13.0.0 Build 156 04/24/2013 SJ Web Edition


---------------------
; Table of Contents ;
---------------------
  1. Legal Notice
  2. Analysis & Synthesis Summary
  3. Analysis & Synthesis Settings
  4. Parallel Compilation
  5. Analysis & Synthesis Source Files Read
  6. Analysis & Synthesis Resource Usage Summary
  7. Analysis & Synthesis Resource Utilization by Entity
  8. State Machine - |LM75|LED_pos
  9. State Machine - |LM75|I2C_master:I2C|wstate
 10. State Machine - |LM75|I2C_master:I2C|state_shift
 11. State Machine - |LM75|I2C_master:I2C|state_write
 12. State Machine - |LM75|I2C_master:I2C|state_read
 13. State Machine - |LM75|I2C_master:I2C|state_no_ack
 14. State Machine - |LM75|I2C_master:I2C|state_ack
 15. State Machine - |LM75|I2C_master:I2C|state_stop
 16. State Machine - |LM75|I2C_master:I2C|state_start
 17. State Machine - |LM75|I2C_master:I2C|state
 18. Registers Removed During Synthesis
 19. Removed Registers Triggering Further Register Optimizations
 20. General Register Statistics
 21. Inverted Register Statistics
 22. Multiplexer Restructuring Statistics (Restructuring Performed)
 23. Parameter Settings for User Entity Instance: I2C_master:I2C
 24. Parameter Settings for Inferred Entity Instance: lpm_divide:Div1
 25. Parameter Settings for Inferred Entity Instance: lpm_divide:Mod1
 26. Parameter Settings for Inferred Entity Instance: lpm_divide:Mod2
 27. Parameter Settings for Inferred Entity Instance: lpm_divide:Div0
 28. Parameter Settings for Inferred Entity Instance: lpm_divide:Mod0
 29. Port Connectivity Checks: "I2C_master:I2C"
 30. Port Connectivity Checks: "display_7_seg:display|decoder_7_seg:decoder"
 31. Port Connectivity Checks: "display_7_seg:display"
 32. Elapsed Time Per Partition
 33. Analysis & Synthesis Messages
 34. Analysis & Synthesis Suppressed Messages



----------------
; Legal Notice ;
----------------
Copyright (C) 1991-2013 Altera Corporation
Your use of Altera Corporation's design tools, logic functions 
and other software and tools, and its AMPP partner logic 
functions, and any output files from any of the foregoing 
(including device programming or simulation files), and any 
associated documentation or information are expressly subject 
to the terms and conditions of the Altera Program License 
Subscription Agreement, Altera MegaCore Function License 
Agreement, or other applicable license agreement, including, 
without limitation, that your use is for the sole purpose of 
programming logic devices manufactured by Altera and sold by 
Altera or its authorized distributors.  Please refer to the 
applicable agreement for further details.



+---------------------------------------------------------------------------------+
; Analysis & Synthesis Summary                                                    ;
+------------------------------------+--------------------------------------------+
; Analysis & Synthesis Status        ; Successful - Mon Sep 05 12:03:05 2022      ;
; Quartus II 64-Bit Version          ; 13.0.0 Build 156 04/24/2013 SJ Web Edition ;
; Revision Name                      ; LM75                                       ;
; Top-level Entity Name              ; LM75                                       ;
; Family                             ; Cyclone IV E                               ;
; Total logic elements               ; 542                                        ;
;     Total combinational functions  ; 514                                        ;
;     Dedicated logic registers      ; 208                                        ;
; Total registers                    ; 208                                        ;
; Total pins                         ; 20                                         ;
; Total virtual pins                 ; 0                                          ;
; Total memory bits                  ; 0                                          ;
; Embedded Multiplier 9-bit elements ; 0                                          ;
; Total PLLs                         ; 0                                          ;
+------------------------------------+--------------------------------------------+


+----------------------------------------------------------------------------------------------------------------------+
; Analysis & Synthesis Settings                                                                                        ;
+----------------------------------------------------------------------------+--------------------+--------------------+
; Option                                                                     ; Setting            ; Default Value      ;
+----------------------------------------------------------------------------+--------------------+--------------------+
; Device                                                                     ; EP4CE6E22C7        ;                    ;
; Top-level entity name                                                      ; LM75               ; LM75               ;
; Family name                                                                ; Cyclone IV E       ; Cyclone IV GX      ;
; Type of Retiming Performed During Resynthesis                              ; Full               ;                    ;
; Resynthesis Optimization Effort                                            ; Normal             ;                    ;
; Physical Synthesis Level for Resynthesis                                   ; Normal             ;                    ;
; Use Generated Physical Constraints File                                    ; On                 ;                    ;
; Use smart compilation                                                      ; Off                ; Off                ;
; Enable parallel Assembler and TimeQuest Timing Analyzer during compilation ; On                 ; On                 ;
; Enable compact report table                                                ; Off                ; Off                ;
; Restructure Multiplexers                                                   ; Auto               ; Auto               ;
; Create Debugging Nodes for IP Cores                                        ; Off                ; Off                ;
; Preserve fewer node names                                                  ; On                 ; On                 ;
; Disable OpenCore Plus hardware evaluation                                  ; Off                ; Off                ;
; Verilog Version                                                            ; Verilog_2001       ; Verilog_2001       ;
; VHDL Version                                                               ; VHDL_1993          ; VHDL_1993          ;
; State Machine Processing                                                   ; Auto               ; Auto               ;
; Safe State Machine                                                         ; Off                ; Off                ;
; Extract Verilog State Machines                                             ; On                 ; On                 ;
; Extract VHDL State Machines                                                ; On                 ; On                 ;
; Ignore Verilog initial constructs                                          ; Off                ; Off                ;
; Iteration limit for constant Verilog loops                                 ; 5000               ; 5000               ;
; Iteration limit for non-constant Verilog loops                             ; 250                ; 250                ;
; Add Pass-Through Logic to Inferred RAMs                                    ; On                 ; On                 ;
; Infer RAMs from Raw Logic                                                  ; On                 ; On                 ;
; Parallel Synthesis                                                         ; On                 ; On                 ;
; DSP Block Balancing                                                        ; Auto               ; Auto               ;
; NOT Gate Push-Back                                                         ; On                 ; On                 ;
; Power-Up Don't Care                                                        ; On                 ; On                 ;
; Remove Redundant Logic Cells                                               ; Off                ; Off                ;
; Remove Duplicate Registers                                                 ; On                 ; On                 ;
; Ignore CARRY Buffers                                                       ; Off                ; Off                ;
; Ignore CASCADE Buffers                                                     ; Off                ; Off                ;
; Ignore GLOBAL Buffers                                                      ; Off                ; Off                ;
; Ignore ROW GLOBAL Buffers                                                  ; Off                ; Off                ;
; Ignore LCELL Buffers                                                       ; Off                ; Off                ;
; Ignore SOFT Buffers                                                        ; On                 ; On                 ;
; Limit AHDL Integers to 32 Bits                                             ; Off                ; Off                ;
; Optimization Technique                                                     ; Balanced           ; Balanced           ;
; Carry Chain Length                                                         ; 70                 ; 70                 ;
; Auto Carry Chains                                                          ; On                 ; On                 ;
; Auto Open-Drain Pins                                                       ; On                 ; On                 ;
; Perform WYSIWYG Primitive Resynthesis                                      ; Off                ; Off                ;
; Auto ROM Replacement                                                       ; On                 ; On                 ;
; Auto RAM Replacement                                                       ; On                 ; On                 ;
; Auto DSP Block Replacement                                                 ; On                 ; On                 ;
; Auto Shift Register Replacement                                            ; Auto               ; Auto               ;
; Allow Shift Register Merging across Hierarchies                            ; Auto               ; Auto               ;
; Auto Clock Enable Replacement                                              ; On                 ; On                 ;
; Strict RAM Replacement                                                     ; Off                ; Off                ;
; Allow Synchronous Control Signals                                          ; On                 ; On                 ;
; Force Use of Synchronous Clear Signals                                     ; Off                ; Off                ;
; Auto RAM Block Balancing                                                   ; On                 ; On                 ;
; Auto RAM to Logic Cell Conversion                                          ; Off                ; Off                ;
; Auto Resource Sharing                                                      ; Off                ; Off                ;
; Allow Any RAM Size For Recognition                                         ; Off                ; Off                ;
; Allow Any ROM Size For Recognition                                         ; Off                ; Off                ;
; Allow Any Shift Register Size For Recognition                              ; Off                ; Off                ;
; Use LogicLock Constraints during Resource Balancing                        ; On                 ; On                 ;
; Ignore translate_off and synthesis_off directives                          ; Off                ; Off                ;
; Timing-Driven Synthesis                                                    ; On                 ; On                 ;
; Report Parameter Settings                                                  ; On                 ; On                 ;
; Report Source Assignments                                                  ; On                 ; On                 ;
; Report Connectivity Checks                                                 ; On                 ; On                 ;
; Ignore Maximum Fan-Out Assignments                                         ; Off                ; Off                ;
; Synchronization Register Chain Length                                      ; 2                  ; 2                  ;
; PowerPlay Power Optimization                                               ; Normal compilation ; Normal compilation ;
; HDL message level                                                          ; Level2             ; Level2             ;
; Suppress Register Optimization Related Messages                            ; Off                ; Off                ;
; Number of Removed Registers Reported in Synthesis Report                   ; 5000               ; 5000               ;
; Number of Swept Nodes Reported in Synthesis Report                         ; 5000               ; 5000               ;
; Number of Inverted Registers Reported in Synthesis Report                  ; 100                ; 100                ;
; Clock MUX Protection                                                       ; On                 ; On                 ;
; Auto Gated Clock Conversion                                                ; Off                ; Off                ;
; Block Design Naming                                                        ; Auto               ; Auto               ;
; SDC constraint protection                                                  ; Off                ; Off                ;
; Synthesis Effort                                                           ; Auto               ; Auto               ;
; Shift Register Replacement - Allow Asynchronous Clear Signal               ; On                 ; On                 ;
; Pre-Mapping Resynthesis Optimization                                       ; Off                ; Off                ;
; Analysis & Synthesis Message Level                                         ; Medium             ; Medium             ;
; Disable Register Merging Across Hierarchies                                ; Auto               ; Auto               ;
; Resource Aware Inference For Block RAM                                     ; On                 ; On                 ;
; Synthesis Seed                                                             ; 1                  ; 1                  ;
+----------------------------------------------------------------------------+--------------------+--------------------+


Parallel compilation was disabled, but you have multiple processors available. Enable parallel compilation to reduce compilation time.
+-------------------------------------+
; Parallel Compilation                ;
+----------------------------+--------+
; Processors                 ; Number ;
+----------------------------+--------+
; Number detected on machine ; 4      ;
; Maximum allowed            ; 1      ;
+----------------------------+--------+


+------------------------------------------------------------------------------------------------------------------------------------------------------------------+
; Analysis & Synthesis Source Files Read                                                                                                                           ;
+----------------------------------+-----------------+------------------------------+--------------------------------------------------------------------+---------+
; File Name with User-Entered Path ; Used in Netlist ; File Type                    ; File Name with Absolute Path                                       ; Library ;
+----------------------------------+-----------------+------------------------------+--------------------------------------------------------------------+---------+
; I2C_master.v                     ; yes             ; User Verilog HDL File        ; D:/LM75_verilog_altera/I2C_master.v                                ;         ;
; decoder_7_seg.v                  ; yes             ; User Verilog HDL File        ; D:/LM75_verilog_altera/decoder_7_seg.v                             ;         ;
; display_7_seg.v                  ; yes             ; User Verilog HDL File        ; D:/LM75_verilog_altera/display_7_seg.v                             ;         ;
; LM75.v                           ; yes             ; User Verilog HDL File        ; D:/LM75_verilog_altera/LM75.v                                      ;         ;
; lpm_divide.tdf                   ; yes             ; Megafunction                 ; c:/altera/13.0/quartus/libraries/megafunctions/lpm_divide.tdf      ;         ;
; abs_divider.inc                  ; yes             ; Megafunction                 ; c:/altera/13.0/quartus/libraries/megafunctions/abs_divider.inc     ;         ;
; sign_div_unsign.inc              ; yes             ; Megafunction                 ; c:/altera/13.0/quartus/libraries/megafunctions/sign_div_unsign.inc ;         ;
; aglobal130.inc                   ; yes             ; Megafunction                 ; c:/altera/13.0/quartus/libraries/megafunctions/aglobal130.inc      ;         ;
; db/lpm_divide_jhm.tdf            ; yes             ; Auto-Generated Megafunction  ; D:/LM75_verilog_altera/db/lpm_divide_jhm.tdf                       ;         ;
; db/sign_div_unsign_bkh.tdf       ; yes             ; Auto-Generated Megafunction  ; D:/LM75_verilog_altera/db/sign_div_unsign_bkh.tdf                  ;         ;
; db/alt_u_div_a4f.tdf             ; yes             ; Auto-Generated Megafunction  ; D:/LM75_verilog_altera/db/alt_u_div_a4f.tdf                        ;         ;
; db/add_sub_7pc.tdf               ; yes             ; Auto-Generated Megafunction  ; D:/LM75_verilog_altera/db/add_sub_7pc.tdf                          ;         ;
; db/add_sub_8pc.tdf               ; yes             ; Auto-Generated Megafunction  ; D:/LM75_verilog_altera/db/add_sub_8pc.tdf                          ;         ;
; db/lpm_divide_m9m.tdf            ; yes             ; Auto-Generated Megafunction  ; D:/LM75_verilog_altera/db/lpm_divide_m9m.tdf                       ;         ;
; db/lpm_divide_mhm.tdf            ; yes             ; Auto-Generated Megafunction  ; D:/LM75_verilog_altera/db/lpm_divide_mhm.tdf                       ;         ;
; db/sign_div_unsign_ekh.tdf       ; yes             ; Auto-Generated Megafunction  ; D:/LM75_verilog_altera/db/sign_div_unsign_ekh.tdf                  ;         ;
; db/alt_u_div_g4f.tdf             ; yes             ; Auto-Generated Megafunction  ; D:/LM75_verilog_altera/db/alt_u_div_g4f.tdf                        ;         ;
+----------------------------------+-----------------+------------------------------+--------------------------------------------------------------------+---------+


+---------------------------------------------------------+
; Analysis & Synthesis Resource Usage Summary             ;
+---------------------------------------------+-----------+
; Resource                                    ; Usage     ;
+---------------------------------------------+-----------+
; Estimated Total logic elements              ; 542       ;
;                                             ;           ;
; Total combinational functions               ; 514       ;
; Logic element usage by number of LUT inputs ;           ;
;     -- 4 input functions                    ; 181       ;
;     -- 3 input functions                    ; 88        ;
;     -- <=2 input functions                  ; 245       ;
;                                             ;           ;
; Logic elements by mode                      ;           ;
;     -- normal mode                          ; 375       ;
;     -- arithmetic mode                      ; 139       ;
;                                             ;           ;
; Total registers                             ; 208       ;
;     -- Dedicated logic registers            ; 208       ;
;     -- I/O registers                        ; 0         ;
;                                             ;           ;
; I/O pins                                    ; 20        ;
; Embedded Multiplier 9-bit elements          ; 0         ;
; Maximum fan-out node                        ; CLK~input ;
; Maximum fan-out                             ; 208       ;
; Total fan-out                               ; 2073      ;
; Average fan-out                             ; 2.71      ;
+---------------------------------------------+-----------+


+---------------------------------------------------------------------------------------------------------------------------------------------------------------------------------------------------------------------------------------------------------------------------+
; Analysis & Synthesis Resource Utilization by Entity                                                                                                                                                                                                                       ;
+----------------------------------------+-------------------+--------------+-------------+--------------+---------+-----------+------+--------------+-------------------------------------------------------------------------------------------------------+--------------+
; Compilation Hierarchy Node             ; LC Combinationals ; LC Registers ; Memory Bits ; DSP Elements ; DSP 9x9 ; DSP 18x18 ; Pins ; Virtual Pins ; Full Hierarchy Name                                                                                   ; Library Name ;
+----------------------------------------+-------------------+--------------+-------------+--------------+---------+-----------+------+--------------+-------------------------------------------------------------------------------------------------------+--------------+
; |LM75                                  ; 514 (56)          ; 208 (49)     ; 0           ; 0            ; 0       ; 0         ; 20   ; 0            ; |LM75                                                                                                 ;              ;
;    |I2C_master:I2C|                    ; 237 (237)         ; 117 (117)    ; 0           ; 0            ; 0       ; 0         ; 0    ; 0            ; |LM75|I2C_master:I2C                                                                                  ;              ;
;    |display_7_seg:display|             ; 60 (51)           ; 42 (34)      ; 0           ; 0            ; 0       ; 0         ; 0    ; 0            ; |LM75|display_7_seg:display                                                                           ;              ;
;       |decoder_7_seg:decoder|          ; 9 (9)             ; 8 (8)        ; 0           ; 0            ; 0       ; 0         ; 0    ; 0            ; |LM75|display_7_seg:display|decoder_7_seg:decoder                                                     ;              ;
;    |lpm_divide:Div0|                   ; 25 (0)            ; 0 (0)        ; 0           ; 0            ; 0       ; 0         ; 0    ; 0            ; |LM75|lpm_divide:Div0                                                                                 ;              ;
;       |lpm_divide_mhm:auto_generated|  ; 25 (0)            ; 0 (0)        ; 0           ; 0            ; 0       ; 0         ; 0    ; 0            ; |LM75|lpm_divide:Div0|lpm_divide_mhm:auto_generated                                                   ;              ;
;          |sign_div_unsign_ekh:divider| ; 25 (0)            ; 0 (0)        ; 0           ; 0            ; 0       ; 0         ; 0    ; 0            ; |LM75|lpm_divide:Div0|lpm_divide_mhm:auto_generated|sign_div_unsign_ekh:divider                       ;              ;
;             |alt_u_div_g4f:divider|    ; 25 (25)           ; 0 (0)        ; 0           ; 0            ; 0       ; 0         ; 0    ; 0            ; |LM75|lpm_divide:Div0|lpm_divide_mhm:auto_generated|sign_div_unsign_ekh:divider|alt_u_div_g4f:divider ;              ;
;    |lpm_divide:Div1|                   ; 56 (0)            ; 0 (0)        ; 0           ; 0            ; 0       ; 0         ; 0    ; 0            ; |LM75|lpm_divide:Div1                                                                                 ;              ;
;       |lpm_divide_jhm:auto_generated|  ; 56 (0)            ; 0 (0)        ; 0           ; 0            ; 0       ; 0         ; 0    ; 0            ; |LM75|lpm_divide:Div1|lpm_divide_jhm:auto_generated                                                   ;              ;
;          |sign_div_unsign_bkh:divider| ; 56 (0)            ; 0 (0)        ; 0           ; 0            ; 0       ; 0         ; 0    ; 0            ; |LM75|lpm_divide:Div1|lpm_divide_jhm:auto_generated|sign_div_unsign_bkh:divider                       ;              ;
;             |alt_u_div_a4f:divider|    ; 56 (56)           ; 0 (0)        ; 0           ; 0            ; 0       ; 0         ; 0    ; 0            ; |LM75|lpm_divide:Div1|lpm_divide_jhm:auto_generated|sign_div_unsign_bkh:divider|alt_u_div_a4f:divider ;              ;
;    |lpm_divide:Mod1|                   ; 21 (0)            ; 0 (0)        ; 0           ; 0            ; 0       ; 0         ; 0    ; 0            ; |LM75|lpm_divide:Mod1                                                                                 ;              ;
;       |lpm_divide_m9m:auto_generated|  ; 21 (0)            ; 0 (0)        ; 0           ; 0            ; 0       ; 0         ; 0    ; 0            ; |LM75|lpm_divide:Mod1|lpm_divide_m9m:auto_generated                                                   ;              ;
;          |sign_div_unsign_bkh:divider| ; 21 (0)            ; 0 (0)        ; 0           ; 0            ; 0       ; 0         ; 0    ; 0            ; |LM75|lpm_divide:Mod1|lpm_divide_m9m:auto_generated|sign_div_unsign_bkh:divider                       ;              ;
;             |alt_u_div_a4f:divider|    ; 21 (21)           ; 0 (0)        ; 0           ; 0            ; 0       ; 0         ; 0    ; 0            ; |LM75|lpm_divide:Mod1|lpm_divide_m9m:auto_generated|sign_div_unsign_bkh:divider|alt_u_div_a4f:divider ;              ;
;    |lpm_divide:Mod2|                   ; 59 (0)            ; 0 (0)        ; 0           ; 0            ; 0       ; 0         ; 0    ; 0            ; |LM75|lpm_divide:Mod2                                                                                 ;              ;
;       |lpm_divide_m9m:auto_generated|  ; 59 (0)            ; 0 (0)        ; 0           ; 0            ; 0       ; 0         ; 0    ; 0            ; |LM75|lpm_divide:Mod2|lpm_divide_m9m:auto_generated                                                   ;              ;
;          |sign_div_unsign_bkh:divider| ; 59 (0)            ; 0 (0)        ; 0           ; 0            ; 0       ; 0         ; 0    ; 0            ; |LM75|lpm_divide:Mod2|lpm_divide_m9m:auto_generated|sign_div_unsign_bkh:divider                       ;              ;
;             |alt_u_div_a4f:divider|    ; 59 (59)           ; 0 (0)        ; 0           ; 0            ; 0       ; 0         ; 0    ; 0            ; |LM75|lpm_divide:Mod2|lpm_divide_m9m:auto_generated|sign_div_unsign_bkh:divider|alt_u_div_a4f:divider ;              ;
+----------------------------------------+-------------------+--------------+-------------+--------------+---------+-----------+------+--------------+-------------------------------------------------------------------------------------------------------+--------------+
Note: For table entries with two numbers listed, the numbers in parentheses indicate the number of resources of the given type used by the specific entity alone. The numbers listed outside of parentheses indicate the total resources of the given type used by the specific entity and all of its sub-entities in the hierarchy.


Encoding Type:  One-Hot
+-----------------------------------------------------------------------------------------------+
; State Machine - |LM75|LED_pos                                                                 ;
+---------------+---------------+---------------+---------------+---------------+---------------+
; Name          ; LED_pos.00011 ; LED_pos.00010 ; LED_pos.00001 ; LED_pos.00000 ; LED_pos.00100 ;
+---------------+---------------+---------------+---------------+---------------+---------------+
; LED_pos.00000 ; 0             ; 0             ; 0             ; 0             ; 0             ;
; LED_pos.00001 ; 0             ; 0             ; 1             ; 1             ; 0             ;
; LED_pos.00010 ; 0             ; 1             ; 0             ; 1             ; 0             ;
; LED_pos.00011 ; 1             ; 0             ; 0             ; 1             ; 0             ;
; LED_pos.00100 ; 0             ; 0             ; 0             ; 1             ; 1             ;
+---------------+---------------+---------------+---------------+---------------+---------------+


Encoding Type:  One-Hot
+---------------------------------------------------------------------------+
; State Machine - |LM75|I2C_master:I2C|wstate                               ;
+------------------+------------------+------------------+------------------+
; Name             ; wstate.000000000 ; wstate.000000010 ; wstate.000000001 ;
+------------------+------------------+------------------+------------------+
; wstate.000000000 ; 0                ; 0                ; 0                ;
; wstate.000000001 ; 1                ; 0                ; 1                ;
; wstate.000000010 ; 1                ; 1                ; 0                ;
+------------------+------------------+------------------+------------------+


Encoding Type:  One-Hot
+-----------------------------------------------------------------------------------------------------------------------------------------------+
; State Machine - |LM75|I2C_master:I2C|state_shift                                                                                              ;
+-----------------------+-----------------------+-----------------------+-----------------------+-----------------------+-----------------------+
; Name                  ; state_shift.000000011 ; state_shift.000000010 ; state_shift.000000001 ; state_shift.000000000 ; state_shift.000000100 ;
+-----------------------+-----------------------+-----------------------+-----------------------+-----------------------+-----------------------+
; state_shift.000000000 ; 0                     ; 0                     ; 0                     ; 0                     ; 0                     ;
; state_shift.000000001 ; 0                     ; 0                     ; 1                     ; 1                     ; 0                     ;
; state_shift.000000010 ; 0                     ; 1                     ; 0                     ; 1                     ; 0                     ;
; state_shift.000000011 ; 1                     ; 0                     ; 0                     ; 1                     ; 0                     ;
; state_shift.000000100 ; 0                     ; 0                     ; 0                     ; 1                     ; 1                     ;
+-----------------------+-----------------------+-----------------------+-----------------------+-----------------------+-----------------------+


Encoding Type:  One-Hot
+-----------------------------------------------------------------------------------------------------------------------------------------------------------------------------------------------------------------------------------------------------------------------+
; State Machine - |LM75|I2C_master:I2C|state_write                                                                                                                                                                                                                      ;
+-----------------------+-----------------------+-----------------------+-----------------------+-----------------------+-----------------------+-----------------------+-----------------------+-----------------------+-----------------------+-----------------------+
; Name                  ; state_write.000001001 ; state_write.000001000 ; state_write.000000111 ; state_write.000000110 ; state_write.000000101 ; state_write.000000100 ; state_write.000000011 ; state_write.000000010 ; state_write.000000001 ; state_write.000000000 ;
+-----------------------+-----------------------+-----------------------+-----------------------+-----------------------+-----------------------+-----------------------+-----------------------+-----------------------+-----------------------+-----------------------+
; state_write.000000000 ; 0                     ; 0                     ; 0                     ; 0                     ; 0                     ; 0                     ; 0                     ; 0                     ; 0                     ; 0                     ;
; state_write.000000001 ; 0                     ; 0                     ; 0                     ; 0                     ; 0                     ; 0                     ; 0                     ; 0                     ; 1                     ; 1                     ;
; state_write.000000010 ; 0                     ; 0                     ; 0                     ; 0                     ; 0                     ; 0                     ; 0                     ; 1                     ; 0                     ; 1                     ;
; state_write.000000011 ; 0                     ; 0                     ; 0                     ; 0                     ; 0                     ; 0                     ; 1                     ; 0                     ; 0                     ; 1                     ;
; state_write.000000100 ; 0                     ; 0                     ; 0                     ; 0                     ; 0                     ; 1                     ; 0                     ; 0                     ; 0                     ; 1                     ;
; state_write.000000101 ; 0                     ; 0                     ; 0                     ; 0                     ; 1                     ; 0                     ; 0                     ; 0                     ; 0                     ; 1                     ;
; state_write.000000110 ; 0                     ; 0                     ; 0                     ; 1                     ; 0                     ; 0                     ; 0                     ; 0                     ; 0                     ; 1                     ;
; state_write.000000111 ; 0                     ; 0                     ; 1                     ; 0                     ; 0                     ; 0                     ; 0                     ; 0                     ; 0                     ; 1                     ;
; state_write.000001000 ; 0                     ; 1                     ; 0                     ; 0                     ; 0                     ; 0                     ; 0                     ; 0                     ; 0                     ; 1                     ;
; state_write.000001001 ; 1                     ; 0                     ; 0                     ; 0                     ; 0                     ; 0                     ; 0                     ; 0                     ; 0                     ; 1                     ;
+-----------------------+-----------------------+-----------------------+-----------------------+-----------------------+-----------------------+-----------------------+-----------------------+-----------------------+-----------------------+-----------------------+


Encoding Type:  One-Hot
+-------------------------------------------------------------------------------------------------------------------------------------------------------------------------------------------------------------------------------------+
; State Machine - |LM75|I2C_master:I2C|state_read                                                                                                                                                                                     ;
+----------------------+----------------------+----------------------+----------------------+----------------------+----------------------+----------------------+----------------------+----------------------+----------------------+
; Name                 ; state_read.000000111 ; state_read.000000110 ; state_read.000000101 ; state_read.000000100 ; state_read.000000011 ; state_read.000000010 ; state_read.000000001 ; state_read.000000000 ; state_read.000001000 ;
+----------------------+----------------------+----------------------+----------------------+----------------------+----------------------+----------------------+----------------------+----------------------+----------------------+
; state_read.000000000 ; 0                    ; 0                    ; 0                    ; 0                    ; 0                    ; 0                    ; 0                    ; 0                    ; 0                    ;
; state_read.000000001 ; 0                    ; 0                    ; 0                    ; 0                    ; 0                    ; 0                    ; 1                    ; 1                    ; 0                    ;
; state_read.000000010 ; 0                    ; 0                    ; 0                    ; 0                    ; 0                    ; 1                    ; 0                    ; 1                    ; 0                    ;
; state_read.000000011 ; 0                    ; 0                    ; 0                    ; 0                    ; 1                    ; 0                    ; 0                    ; 1                    ; 0                    ;
; state_read.000000100 ; 0                    ; 0                    ; 0                    ; 1                    ; 0                    ; 0                    ; 0                    ; 1                    ; 0                    ;
; state_read.000000101 ; 0                    ; 0                    ; 1                    ; 0                    ; 0                    ; 0                    ; 0                    ; 1                    ; 0                    ;
; state_read.000000110 ; 0                    ; 1                    ; 0                    ; 0                    ; 0                    ; 0                    ; 0                    ; 1                    ; 0                    ;
; state_read.000000111 ; 1                    ; 0                    ; 0                    ; 0                    ; 0                    ; 0                    ; 0                    ; 1                    ; 0                    ;
; state_read.000001000 ; 0                    ; 0                    ; 0                    ; 0                    ; 0                    ; 0                    ; 0                    ; 1                    ; 1                    ;
+----------------------+----------------------+----------------------+----------------------+----------------------+----------------------+----------------------+----------------------+----------------------+----------------------+


Encoding Type:  One-Hot
+---------------------------------------------------------------------------------------------------+
; State Machine - |LM75|I2C_master:I2C|state_no_ack                                                 ;
+------------------------+------------------------+------------------------+------------------------+
; Name                   ; state_no_ack.000000000 ; state_no_ack.000000010 ; state_no_ack.000000001 ;
+------------------------+------------------------+------------------------+------------------------+
; state_no_ack.000000000 ; 0                      ; 0                      ; 0                      ;
; state_no_ack.000000001 ; 1                      ; 0                      ; 1                      ;
; state_no_ack.000000010 ; 1                      ; 1                      ; 0                      ;
+------------------------+------------------------+------------------------+------------------------+


Encoding Type:  One-Hot
+---------------------------------------------------------------------------------------+
; State Machine - |LM75|I2C_master:I2C|state_ack                                        ;
+---------------------+---------------------+---------------------+---------------------+
; Name                ; state_ack.000000000 ; state_ack.000000010 ; state_ack.000000001 ;
+---------------------+---------------------+---------------------+---------------------+
; state_ack.000000000 ; 0                   ; 0                   ; 0                   ;
; state_ack.000000001 ; 1                   ; 0                   ; 1                   ;
; state_ack.000000010 ; 1                   ; 1                   ; 0                   ;
+---------------------+---------------------+---------------------+---------------------+


Encoding Type:  One-Hot
+------------------------------------------------------------------------------------------------------------------+
; State Machine - |LM75|I2C_master:I2C|state_stop                                                                  ;
+----------------------+----------------------+----------------------+----------------------+----------------------+
; Name                 ; state_stop.000000011 ; state_stop.000000010 ; state_stop.000000001 ; state_stop.000000000 ;
+----------------------+----------------------+----------------------+----------------------+----------------------+
; state_stop.000000000 ; 0                    ; 0                    ; 0                    ; 0                    ;
; state_stop.000000001 ; 0                    ; 0                    ; 1                    ; 1                    ;
; state_stop.000000010 ; 0                    ; 1                    ; 0                    ; 1                    ;
; state_stop.000000011 ; 1                    ; 0                    ; 0                    ; 1                    ;
+----------------------+----------------------+----------------------+----------------------+----------------------+


Encoding Type:  One-Hot
+-----------------------------------------------------------------------------------------------------------------------+
; State Machine - |LM75|I2C_master:I2C|state_start                                                                      ;
+-----------------------+-----------------------+-----------------------+-----------------------+-----------------------+
; Name                  ; state_start.000000011 ; state_start.000000010 ; state_start.000000001 ; state_start.000000000 ;
+-----------------------+-----------------------+-----------------------+-----------------------+-----------------------+
; state_start.000000000 ; 0                     ; 0                     ; 0                     ; 0                     ;
; state_start.000000001 ; 0                     ; 0                     ; 1                     ; 1                     ;
; state_start.000000010 ; 0                     ; 1                     ; 0                     ; 1                     ;
; state_start.000000011 ; 1                     ; 0                     ; 0                     ; 1                     ;
+-----------------------+-----------------------+-----------------------+-----------------------+-----------------------+


Encoding Type:  One-Hot
+-----------------------------------------------------------------------------------------------------------------------------------------------------------------------------------------------------+
; State Machine - |LM75|I2C_master:I2C|state                                                                                                                                                          ;
+-----------------+-----------------+-----------------+-----------------+-----------------+-----------------+-----------------+-----------------+-----------------+-----------------+-----------------+
; Name            ; state.000001001 ; state.000001000 ; state.000000111 ; state.000000110 ; state.000000101 ; state.000000100 ; state.000000011 ; state.000000010 ; state.000000001 ; state.000000000 ;
+-----------------+-----------------+-----------------+-----------------+-----------------+-----------------+-----------------+-----------------+-----------------+-----------------+-----------------+
; state.000000000 ; 0               ; 0               ; 0               ; 0               ; 0               ; 0               ; 0               ; 0               ; 0               ; 0               ;
; state.000000001 ; 0               ; 0               ; 0               ; 0               ; 0               ; 0               ; 0               ; 0               ; 1               ; 1               ;
; state.000000010 ; 0               ; 0               ; 0               ; 0               ; 0               ; 0               ; 0               ; 1               ; 0               ; 1               ;
; state.000000011 ; 0               ; 0               ; 0               ; 0               ; 0               ; 0               ; 1               ; 0               ; 0               ; 1               ;
; state.000000100 ; 0               ; 0               ; 0               ; 0               ; 0               ; 1               ; 0               ; 0               ; 0               ; 1               ;
; state.000000101 ; 0               ; 0               ; 0               ; 0               ; 1               ; 0               ; 0               ; 0               ; 0               ; 1               ;
; state.000000110 ; 0               ; 0               ; 0               ; 1               ; 0               ; 0               ; 0               ; 0               ; 0               ; 1               ;
; state.000000111 ; 0               ; 0               ; 1               ; 0               ; 0               ; 0               ; 0               ; 0               ; 0               ; 1               ;
; state.000001000 ; 0               ; 1               ; 0               ; 0               ; 0               ; 0               ; 0               ; 0               ; 0               ; 1               ;
; state.000001001 ; 1               ; 0               ; 0               ; 0               ; 0               ; 0               ; 0               ; 0               ; 0               ; 1               ;
+-----------------+-----------------+-----------------+-----------------+-----------------+-----------------+-----------------+-----------------+-----------------+-----------------+-----------------+


+----------------------------------------------------------------------------------+
; Registers Removed During Synthesis                                               ;
+-----------------------------------------+----------------------------------------+
; Register name                           ; Reason for Removal                     ;
+-----------------------------------------+----------------------------------------+
; units[1,3,4]                            ; Stuck at GND due to stuck port data_in ;
; tens[4]                                 ; Stuck at GND due to stuck port data_in ;
; hundreds[4]                             ; Stuck at GND due to stuck port data_in ;
; thousands[4]                            ; Stuck at GND due to stuck port data_in ;
; display_7_seg:display|digit_posn[2..4]  ; Stuck at GND due to stuck port data_in ;
; display_7_seg:display|digit_data[4]     ; Stuck at GND due to stuck port data_in ;
; units[2]                                ; Merged with units[0]                   ;
; I2C_master:I2C|read                     ; Stuck at GND due to stuck port data_in ;
; I2C_master:I2C|delay_reg[23..26]        ; Stuck at GND due to stuck port data_in ;
; I2C_master:I2C|timer4_reg[25..28]       ; Stuck at GND due to stuck port data_in ;
; I2C_master:I2C|shift_var[6..8]          ; Stuck at GND due to stuck port data_in ;
; I2C_master:I2C|delay_reg[20..22]        ; Stuck at GND due to stuck port data_in ;
; I2C_master:I2C|timer4_reg[22..24]       ; Stuck at GND due to stuck port data_in ;
; I2C_master:I2C|shift_var[4,5]           ; Stuck at GND due to stuck port data_in ;
; LED_pos~2                               ; Lost fanout                            ;
; LED_pos~3                               ; Lost fanout                            ;
; LED_pos~5                               ; Lost fanout                            ;
; LED_pos~6                               ; Lost fanout                            ;
; I2C_master:I2C|wstate~6                 ; Lost fanout                            ;
; I2C_master:I2C|wstate~7                 ; Lost fanout                            ;
; I2C_master:I2C|wstate~8                 ; Lost fanout                            ;
; I2C_master:I2C|wstate~9                 ; Lost fanout                            ;
; I2C_master:I2C|wstate~10                ; Lost fanout                            ;
; I2C_master:I2C|wstate~11                ; Lost fanout                            ;
; I2C_master:I2C|wstate~12                ; Lost fanout                            ;
; I2C_master:I2C|state_shift~4            ; Lost fanout                            ;
; I2C_master:I2C|state_shift~5            ; Lost fanout                            ;
; I2C_master:I2C|state_shift~7            ; Lost fanout                            ;
; I2C_master:I2C|state_shift~8            ; Lost fanout                            ;
; I2C_master:I2C|state_shift~9            ; Lost fanout                            ;
; I2C_master:I2C|state_shift~10           ; Lost fanout                            ;
; I2C_master:I2C|state_shift~11           ; Lost fanout                            ;
; I2C_master:I2C|state_shift~12           ; Lost fanout                            ;
; I2C_master:I2C|state_write~14           ; Lost fanout                            ;
; I2C_master:I2C|state_write~15           ; Lost fanout                            ;
; I2C_master:I2C|state_write~16           ; Lost fanout                            ;
; I2C_master:I2C|state_write~17           ; Lost fanout                            ;
; I2C_master:I2C|state_write~18           ; Lost fanout                            ;
; I2C_master:I2C|state_write~19           ; Lost fanout                            ;
; I2C_master:I2C|state_write~20           ; Lost fanout                            ;
; I2C_master:I2C|state_write~21           ; Lost fanout                            ;
; I2C_master:I2C|state_write~22           ; Lost fanout                            ;
; I2C_master:I2C|state_read~13            ; Lost fanout                            ;
; I2C_master:I2C|state_read~14            ; Lost fanout                            ;
; I2C_master:I2C|state_read~15            ; Lost fanout                            ;
; I2C_master:I2C|state_read~17            ; Lost fanout                            ;
; I2C_master:I2C|state_read~18            ; Lost fanout                            ;
; I2C_master:I2C|state_read~19            ; Lost fanout                            ;
; I2C_master:I2C|state_read~20            ; Lost fanout                            ;
; I2C_master:I2C|state_read~21            ; Lost fanout                            ;
; I2C_master:I2C|state_no_ack~6           ; Lost fanout                            ;
; I2C_master:I2C|state_no_ack~7           ; Lost fanout                            ;
; I2C_master:I2C|state_no_ack~8           ; Lost fanout                            ;
; I2C_master:I2C|state_no_ack~9           ; Lost fanout                            ;
; I2C_master:I2C|state_no_ack~10          ; Lost fanout                            ;
; I2C_master:I2C|state_no_ack~11          ; Lost fanout                            ;
; I2C_master:I2C|state_no_ack~12          ; Lost fanout                            ;
; I2C_master:I2C|state_ack~6              ; Lost fanout                            ;
; I2C_master:I2C|state_ack~7              ; Lost fanout                            ;
; I2C_master:I2C|state_ack~8              ; Lost fanout                            ;
; I2C_master:I2C|state_ack~9              ; Lost fanout                            ;
; I2C_master:I2C|state_ack~10             ; Lost fanout                            ;
; I2C_master:I2C|state_ack~11             ; Lost fanout                            ;
; I2C_master:I2C|state_ack~12             ; Lost fanout                            ;
; I2C_master:I2C|state_stop~4             ; Lost fanout                            ;
; I2C_master:I2C|state_stop~5             ; Lost fanout                            ;
; I2C_master:I2C|state_stop~6             ; Lost fanout                            ;
; I2C_master:I2C|state_stop~7             ; Lost fanout                            ;
; I2C_master:I2C|state_stop~8             ; Lost fanout                            ;
; I2C_master:I2C|state_stop~9             ; Lost fanout                            ;
; I2C_master:I2C|state_stop~10            ; Lost fanout                            ;
; I2C_master:I2C|state_stop~11            ; Lost fanout                            ;
; I2C_master:I2C|state_stop~12            ; Lost fanout                            ;
; I2C_master:I2C|state_start~4            ; Lost fanout                            ;
; I2C_master:I2C|state_start~5            ; Lost fanout                            ;
; I2C_master:I2C|state_start~6            ; Lost fanout                            ;
; I2C_master:I2C|state_start~7            ; Lost fanout                            ;
; I2C_master:I2C|state_start~8            ; Lost fanout                            ;
; I2C_master:I2C|state_start~9            ; Lost fanout                            ;
; I2C_master:I2C|state_start~10           ; Lost fanout                            ;
; I2C_master:I2C|state_start~11           ; Lost fanout                            ;
; I2C_master:I2C|state_start~12           ; Lost fanout                            ;
; I2C_master:I2C|state~14                 ; Lost fanout                            ;
; I2C_master:I2C|state~15                 ; Lost fanout                            ;
; I2C_master:I2C|state~16                 ; Lost fanout                            ;
; I2C_master:I2C|state~17                 ; Lost fanout                            ;
; I2C_master:I2C|state~18                 ; Lost fanout                            ;
; I2C_master:I2C|state~19                 ; Lost fanout                            ;
; I2C_master:I2C|state~20                 ; Lost fanout                            ;
; I2C_master:I2C|state~21                 ; Lost fanout                            ;
; I2C_master:I2C|state~22                 ; Lost fanout                            ;
; thousands[2,3]                          ; Stuck at GND due to stuck port data_in ;
; I2C_master:I2C|delay_reg[17..19]        ; Stuck at GND due to stuck port data_in ;
; I2C_master:I2C|timer4_reg[9..21]        ; Stuck at GND due to stuck port data_in ;
; Total Number of Removed Registers = 126 ;                                        ;
+-----------------------------------------+----------------------------------------+


+---------------------------------------------------------------------------------------------------------------------------+
; Removed Registers Triggering Further Register Optimizations                                                               ;
+-------------------------------+---------------------------+---------------------------------------------------------------+
; Register name                 ; Reason for Removal        ; Registers Removed due to This Register                        ;
+-------------------------------+---------------------------+---------------------------------------------------------------+
; I2C_master:I2C|timer4_reg[28] ; Stuck at GND              ; I2C_master:I2C|timer4_reg[24], I2C_master:I2C|timer4_reg[23], ;
;                               ; due to stuck port data_in ; I2C_master:I2C|timer4_reg[22], I2C_master:I2C|timer4_reg[9],  ;
;                               ;                           ; I2C_master:I2C|timer4_reg[10], I2C_master:I2C|timer4_reg[11], ;
;                               ;                           ; I2C_master:I2C|timer4_reg[12], I2C_master:I2C|timer4_reg[13], ;
;                               ;                           ; I2C_master:I2C|timer4_reg[14], I2C_master:I2C|timer4_reg[15], ;
;                               ;                           ; I2C_master:I2C|timer4_reg[16], I2C_master:I2C|timer4_reg[17], ;
;                               ;                           ; I2C_master:I2C|timer4_reg[18], I2C_master:I2C|timer4_reg[19], ;
;                               ;                           ; I2C_master:I2C|timer4_reg[20], I2C_master:I2C|timer4_reg[21]  ;
; I2C_master:I2C|shift_var[8]   ; Stuck at GND              ; I2C_master:I2C|shift_var[5], I2C_master:I2C|shift_var[4]      ;
;                               ; due to stuck port data_in ;                                                               ;
; units[4]                      ; Stuck at GND              ; display_7_seg:display|digit_data[4]                           ;
;                               ; due to stuck port data_in ;                                                               ;
+-------------------------------+---------------------------+---------------------------------------------------------------+


+------------------------------------------------------+
; General Register Statistics                          ;
+----------------------------------------------+-------+
; Statistic                                    ; Value ;
+----------------------------------------------+-------+
; Total registers                              ; 208   ;
; Number of registers using Synchronous Clear  ; 8     ;
; Number of registers using Synchronous Load   ; 1     ;
; Number of registers using Asynchronous Clear ; 77    ;
; Number of registers using Asynchronous Load  ; 0     ;
; Number of registers using Clock Enable       ; 106   ;
; Number of registers using Preset             ; 0     ;
+----------------------------------------------+-------+


+--------------------------------------------------+
; Inverted Register Statistics                     ;
+----------------------------------------+---------+
; Inverted Register                      ; Fan out ;
+----------------------------------------+---------+
; I2C_master:I2C|shift_var[0]            ; 6       ;
; Total number of inverted registers = 1 ;         ;
+----------------------------------------+---------+


+---------------------------------------------------------------------------------------------------------------------------------------------------------+
; Multiplexer Restructuring Statistics (Restructuring Performed)                                                                                          ;
+--------------------+-----------+---------------+----------------------+------------------------+------------+-------------------------------------------+
; Multiplexer Inputs ; Bus Width ; Baseline Area ; Area if Restructured ; Saving if Restructured ; Registered ; Example Multiplexer Output                ;
+--------------------+-----------+---------------+----------------------+------------------------+------------+-------------------------------------------+
; 4:1                ; 2 bits    ; 4 LEs         ; 4 LEs                ; 0 LEs                  ; Yes        ; |LM75|display_7_seg:display|digit_data[3] ;
; 4:1                ; 2 bits    ; 4 LEs         ; 4 LEs                ; 0 LEs                  ; Yes        ; |LM75|display_7_seg:display|digit_data[0] ;
; 3:1                ; 8 bits    ; 16 LEs        ; 0 LEs                ; 16 LEs                 ; Yes        ; |LM75|I2C_master:I2C|counter[4]           ;
; 6:1                ; 8 bits    ; 32 LEs        ; 8 LEs                ; 24 LEs                 ; Yes        ; |LM75|I2C_master:I2C|shift_var[1]         ;
; 3:1                ; 4 bits    ; 8 LEs         ; 4 LEs                ; 4 LEs                  ; No         ; |LM75|I2C_master:I2C|state_start          ;
; 3:1                ; 3 bits    ; 6 LEs         ; 6 LEs                ; 0 LEs                  ; No         ; |LM75|I2C_master:I2C|wstate               ;
; 4:1                ; 4 bits    ; 8 LEs         ; 4 LEs                ; 4 LEs                  ; No         ; |LM75|I2C_master:I2C|state_write          ;
; 4:1                ; 3 bits    ; 6 LEs         ; 3 LEs                ; 3 LEs                  ; No         ; |LM75|I2C_master:I2C|state_ack            ;
; 4:1                ; 3 bits    ; 6 LEs         ; 3 LEs                ; 3 LEs                  ; No         ; |LM75|I2C_master:I2C|state_no_ack         ;
; 4:1                ; 4 bits    ; 8 LEs         ; 4 LEs                ; 4 LEs                  ; No         ; |LM75|I2C_master:I2C|state_stop           ;
; 5:1                ; 5 bits    ; 15 LEs        ; 5 LEs                ; 10 LEs                 ; No         ; |LM75|I2C_master:I2C|state_shift          ;
; 7:1                ; 2 bits    ; 8 LEs         ; 4 LEs                ; 4 LEs                  ; No         ; |LM75|I2C_master:I2C|state                ;
; 14:1               ; 3 bits    ; 27 LEs        ; 12 LEs               ; 15 LEs                 ; No         ; |LM75|I2C_master:I2C|state_read           ;
; 14:1               ; 2 bits    ; 18 LEs        ; 4 LEs                ; 14 LEs                 ; No         ; |LM75|I2C_master:I2C|state_read           ;
; 16:1               ; 2 bits    ; 20 LEs        ; 6 LEs                ; 14 LEs                 ; No         ; |LM75|I2C_master:I2C|state_read           ;
; 16:1               ; 2 bits    ; 20 LEs        ; 6 LEs                ; 14 LEs                 ; No         ; |LM75|I2C_master:I2C|state_read           ;
+--------------------+-----------+---------------+----------------------+------------------------+------------+-------------------------------------------+


+-------------------------------------------------------------+
; Parameter Settings for User Entity Instance: I2C_master:I2C ;
+----------------+----------+---------------------------------+
; Parameter Name ; Value    ; Type                            ;
+----------------+----------+---------------------------------+
; address_r      ; 10010001 ; Unsigned Binary                 ;
; address_w      ; 10010000 ; Unsigned Binary                 ;
; address_reg    ; 00000000 ; Unsigned Binary                 ;
+----------------+----------+---------------------------------+
Note: In order to hide this table in the UI and the text report file, please set the "Show Parameter Settings in Synthesis Report" option in "Analysis and Synthesis Settings -> More Settings" to "Off".


+------------------------------------------------------------------+
; Parameter Settings for Inferred Entity Instance: lpm_divide:Div1 ;
+------------------------+----------------+------------------------+
; Parameter Name         ; Value          ; Type                   ;
+------------------------+----------------+------------------------+
; LPM_WIDTHN             ; 8              ; Untyped                ;
; LPM_WIDTHD             ; 4              ; Untyped                ;
; LPM_NREPRESENTATION    ; UNSIGNED       ; Untyped                ;
; LPM_DREPRESENTATION    ; UNSIGNED       ; Untyped                ;
; LPM_PIPELINE           ; 0              ; Untyped                ;
; LPM_REMAINDERPOSITIVE  ; TRUE           ; Untyped                ;
; MAXIMIZE_SPEED         ; 5              ; Untyped                ;
; CBXI_PARAMETER         ; lpm_divide_jhm ; Untyped                ;
; CARRY_CHAIN            ; MANUAL         ; Untyped                ;
; OPTIMIZE_FOR_SPEED     ; 5              ; Untyped                ;
; AUTO_CARRY_CHAINS      ; ON             ; AUTO_CARRY             ;
; IGNORE_CARRY_BUFFERS   ; OFF            ; IGNORE_CARRY           ;
; AUTO_CASCADE_CHAINS    ; ON             ; AUTO_CASCADE           ;
; IGNORE_CASCADE_BUFFERS ; OFF            ; IGNORE_CASCADE         ;
+------------------------+----------------+------------------------+
Note: In order to hide this table in the UI and the text report file, please set the "Show Parameter Settings in Synthesis Report" option in "Analysis and Synthesis Settings -> More Settings" to "Off".


+------------------------------------------------------------------+
; Parameter Settings for Inferred Entity Instance: lpm_divide:Mod1 ;
+------------------------+----------------+------------------------+
; Parameter Name         ; Value          ; Type                   ;
+------------------------+----------------+------------------------+
; LPM_WIDTHN             ; 8              ; Untyped                ;
; LPM_WIDTHD             ; 4              ; Untyped                ;
; LPM_NREPRESENTATION    ; UNSIGNED       ; Untyped                ;
; LPM_DREPRESENTATION    ; UNSIGNED       ; Untyped                ;
; LPM_PIPELINE           ; 0              ; Untyped                ;
; LPM_REMAINDERPOSITIVE  ; TRUE           ; Untyped                ;
; MAXIMIZE_SPEED         ; 5              ; Untyped                ;
; CBXI_PARAMETER         ; lpm_divide_m9m ; Untyped                ;
; CARRY_CHAIN            ; MANUAL         ; Untyped                ;
; OPTIMIZE_FOR_SPEED     ; 5              ; Untyped                ;
; AUTO_CARRY_CHAINS      ; ON             ; AUTO_CARRY             ;
; IGNORE_CARRY_BUFFERS   ; OFF            ; IGNORE_CARRY           ;
; AUTO_CASCADE_CHAINS    ; ON             ; AUTO_CASCADE           ;
; IGNORE_CASCADE_BUFFERS ; OFF            ; IGNORE_CASCADE         ;
+------------------------+----------------+------------------------+
Note: In order to hide this table in the UI and the text report file, please set the "Show Parameter Settings in Synthesis Report" option in "Analysis and Synthesis Settings -> More Settings" to "Off".


+------------------------------------------------------------------+
; Parameter Settings for Inferred Entity Instance: lpm_divide:Mod2 ;
+------------------------+----------------+------------------------+
; Parameter Name         ; Value          ; Type                   ;
+------------------------+----------------+------------------------+
; LPM_WIDTHN             ; 8              ; Untyped                ;
; LPM_WIDTHD             ; 4              ; Untyped                ;
; LPM_NREPRESENTATION    ; UNSIGNED       ; Untyped                ;
; LPM_DREPRESENTATION    ; UNSIGNED       ; Untyped                ;
; LPM_PIPELINE           ; 0              ; Untyped                ;
; LPM_REMAINDERPOSITIVE  ; TRUE           ; Untyped                ;
; MAXIMIZE_SPEED         ; 5              ; Untyped                ;
; CBXI_PARAMETER         ; lpm_divide_m9m ; Untyped                ;
; CARRY_CHAIN            ; MANUAL         ; Untyped                ;
; OPTIMIZE_FOR_SPEED     ; 5              ; Untyped                ;
; AUTO_CARRY_CHAINS      ; ON             ; AUTO_CARRY             ;
; IGNORE_CARRY_BUFFERS   ; OFF            ; IGNORE_CARRY           ;
; AUTO_CASCADE_CHAINS    ; ON             ; AUTO_CASCADE           ;
; IGNORE_CASCADE_BUFFERS ; OFF            ; IGNORE_CASCADE         ;
+------------------------+----------------+------------------------+
Note: In order to hide this table in the UI and the text report file, please set the "Show Parameter Settings in Synthesis Report" option in "Analysis and Synthesis Settings -> More Settings" to "Off".


+------------------------------------------------------------------+
; Parameter Settings for Inferred Entity Instance: lpm_divide:Div0 ;
+------------------------+----------------+------------------------+
; Parameter Name         ; Value          ; Type                   ;
+------------------------+----------------+------------------------+
; LPM_WIDTHN             ; 8              ; Untyped                ;
; LPM_WIDTHD             ; 7              ; Untyped                ;
; LPM_NREPRESENTATION    ; UNSIGNED       ; Untyped                ;
; LPM_DREPRESENTATION    ; UNSIGNED       ; Untyped                ;
; LPM_PIPELINE           ; 0              ; Untyped                ;
; LPM_REMAINDERPOSITIVE  ; TRUE           ; Untyped                ;
; MAXIMIZE_SPEED         ; 5              ; Untyped                ;
; CBXI_PARAMETER         ; lpm_divide_mhm ; Untyped                ;
; CARRY_CHAIN            ; MANUAL         ; Untyped                ;
; OPTIMIZE_FOR_SPEED     ; 5              ; Untyped                ;
; AUTO_CARRY_CHAINS      ; ON             ; AUTO_CARRY             ;
; IGNORE_CARRY_BUFFERS   ; OFF            ; IGNORE_CARRY           ;
; AUTO_CASCADE_CHAINS    ; ON             ; AUTO_CASCADE           ;
; IGNORE_CASCADE_BUFFERS ; OFF            ; IGNORE_CASCADE         ;
+------------------------+----------------+------------------------+
Note: In order to hide this table in the UI and the text report file, please set the "Show Parameter Settings in Synthesis Report" option in "Analysis and Synthesis Settings -> More Settings" to "Off".


+------------------------------------------------------------------+
; Parameter Settings for Inferred Entity Instance: lpm_divide:Mod0 ;
+------------------------+----------------+------------------------+
; Parameter Name         ; Value          ; Type                   ;
+------------------------+----------------+------------------------+
; LPM_WIDTHN             ; 8              ; Untyped                ;
; LPM_WIDTHD             ; 4              ; Untyped                ;
; LPM_NREPRESENTATION    ; UNSIGNED       ; Untyped                ;
; LPM_DREPRESENTATION    ; UNSIGNED       ; Untyped                ;
; LPM_PIPELINE           ; 0              ; Untyped                ;
; LPM_REMAINDERPOSITIVE  ; TRUE           ; Untyped                ;
; MAXIMIZE_SPEED         ; 5              ; Untyped                ;
; CBXI_PARAMETER         ; lpm_divide_m9m ; Untyped                ;
; CARRY_CHAIN            ; MANUAL         ; Untyped                ;
; OPTIMIZE_FOR_SPEED     ; 5              ; Untyped                ;
; AUTO_CARRY_CHAINS      ; ON             ; AUTO_CARRY             ;
; IGNORE_CARRY_BUFFERS   ; OFF            ; IGNORE_CARRY           ;
; AUTO_CASCADE_CHAINS    ; ON             ; AUTO_CASCADE           ;
; IGNORE_CASCADE_BUFFERS ; OFF            ; IGNORE_CASCADE         ;
+------------------------+----------------+------------------------+
Note: In order to hide this table in the UI and the text report file, please set the "Show Parameter Settings in Synthesis Report" option in "Analysis and Synthesis Settings -> More Settings" to "Off".


+-------------------------------------------------------------------------------------------------------------------------+
; Port Connectivity Checks: "I2C_master:I2C"                                                                              ;
+---------------+--------+----------+-------------------------------------------------------------------------------------+
; Port          ; Type   ; Severity ; Details                                                                             ;
+---------------+--------+----------+-------------------------------------------------------------------------------------+
; data_lo[6..0] ; Output ; Info     ; Connected to dangling logic. Logic that only feeds a dangling port will be removed. ;
+---------------+--------+----------+-------------------------------------------------------------------------------------+


+------------------------------------------------------------------------------------------------------------------------------------------------------------------------------------------------------------------+
; Port Connectivity Checks: "display_7_seg:display|decoder_7_seg:decoder"                                                                                                                                          ;
+------------+-------+----------+----------------------------------------------------------------------------------------------------------------------------------------------------------------------------------+
; Port       ; Type  ; Severity ; Details                                                                                                                                                                          ;
+------------+-------+----------+----------------------------------------------------------------------------------------------------------------------------------------------------------------------------------+
; digit_posn ; Input ; Warning  ; Input port expression (5 bits) is wider than the input port (4 bits) it drives.  The 1 most-significant bit(s) in the expression will be dangling if they have no other fanouts. ;
+------------+-------+----------+----------------------------------------------------------------------------------------------------------------------------------------------------------------------------------+


+-----------------------------------------------------------------------------------------------------------------------------------------------------------------------------------------------------------------+
; Port Connectivity Checks: "display_7_seg:display"                                                                                                                                                               ;
+-----------+-------+----------+----------------------------------------------------------------------------------------------------------------------------------------------------------------------------------+
; Port      ; Type  ; Severity ; Details                                                                                                                                                                          ;
+-----------+-------+----------+----------------------------------------------------------------------------------------------------------------------------------------------------------------------------------+
; units     ; Input ; Warning  ; Input port expression (9 bits) is wider than the input port (5 bits) it drives.  The 4 most-significant bit(s) in the expression will be dangling if they have no other fanouts. ;
; tens      ; Input ; Warning  ; Input port expression (9 bits) is wider than the input port (5 bits) it drives.  The 4 most-significant bit(s) in the expression will be dangling if they have no other fanouts. ;
; hundreds  ; Input ; Warning  ; Input port expression (9 bits) is wider than the input port (5 bits) it drives.  The 4 most-significant bit(s) in the expression will be dangling if they have no other fanouts. ;
; thousands ; Input ; Warning  ; Input port expression (9 bits) is wider than the input port (5 bits) it drives.  The 4 most-significant bit(s) in the expression will be dangling if they have no other fanouts. ;
+-----------+-------+----------+----------------------------------------------------------------------------------------------------------------------------------------------------------------------------------+


+-------------------------------+
; Elapsed Time Per Partition    ;
+----------------+--------------+
; Partition Name ; Elapsed Time ;
+----------------+--------------+
; Top            ; 00:00:08     ;
+----------------+--------------+


+-------------------------------+
; Analysis & Synthesis Messages ;
+-------------------------------+
Info: *******************************************************************
Info: Running Quartus II 64-Bit Analysis & Synthesis
    Info: Version 13.0.0 Build 156 04/24/2013 SJ Web Edition
    Info: Processing started: Mon Sep 05 12:02:51 2022
Info: Command: quartus_map --read_settings_files=on --write_settings_files=off LM75 -c LM75
Warning (20028): Parallel compilation is not licensed and has been disabled
Info (12021): Found 1 design units, including 1 entities, in source file i2c_master.v
    Info (12023): Found entity 1: I2C_master
Info (12021): Found 1 design units, including 1 entities, in source file decoder_7_seg.v
    Info (12023): Found entity 1: decoder_7_seg
Info (12021): Found 1 design units, including 1 entities, in source file display_7_seg.v
    Info (12023): Found entity 1: display_7_seg
Warning (10229): Verilog HDL Expression warning at LM75.v(64): truncated literal to match 26 bits
Info (12021): Found 1 design units, including 1 entities, in source file lm75.v
    Info (12023): Found entity 1: LM75
Info (12127): Elaborating entity "LM75" for the top level hierarchy
Warning (10230): Verilog HDL assignment warning at LM75.v(100): truncated value with size 32 to match size of target (9)
Warning (10230): Verilog HDL assignment warning at LM75.v(101): truncated value with size 32 to match size of target (9)
Warning (10230): Verilog HDL assignment warning at LM75.v(102): truncated value with size 32 to match size of target (9)
Info (12128): Elaborating entity "display_7_seg" for hierarchy "display_7_seg:display"
Info (12128): Elaborating entity "decoder_7_seg" for hierarchy "display_7_seg:display|decoder_7_seg:decoder"
Info (12128): Elaborating entity "I2C_master" for hierarchy "I2C_master:I2C"
Warning (10036): Verilog HDL or VHDL warning at I2C_master.v(24): object "rbuffer" assigned a value but never read
Warning (10036): Verilog HDL or VHDL warning at I2C_master.v(32): object "state_clock" assigned a value but never read
Warning (10036): Verilog HDL or VHDL warning at I2C_master.v(37): object "shift_var_r" assigned a value but never read
Warning (10036): Verilog HDL or VHDL warning at I2C_master.v(65): object "shift_bit_flag" assigned a value but never read
Warning (10036): Verilog HDL or VHDL warning at I2C_master.v(67): object "ADDR_LO" assigned a value but never read
Warning (10036): Verilog HDL or VHDL warning at I2C_master.v(68): object "ADDR_HI" assigned a value but never read
Warning (10036): Verilog HDL or VHDL warning at I2C_master.v(70): object "timer1_reg" assigned a value but never read
Warning (10036): Verilog HDL or VHDL warning at I2C_master.v(71): object "timer2_reg" assigned a value but never read
Warning (10036): Verilog HDL or VHDL warning at I2C_master.v(72): object "timer3_reg" assigned a value but never read
Warning (10036): Verilog HDL or VHDL warning at I2C_master.v(74): object "timer5_reg" assigned a value but never read
Warning (10036): Verilog HDL or VHDL warning at I2C_master.v(75): object "timer6_reg" assigned a value but never read
Warning (10036): Verilog HDL or VHDL warning at I2C_master.v(76): object "timer7_reg" assigned a value but never read
Warning (10036): Verilog HDL or VHDL warning at I2C_master.v(77): object "timer8_reg" assigned a value but never read
Warning (10036): Verilog HDL or VHDL warning at I2C_master.v(78): object "timer9_reg" assigned a value but never read
Warning (10036): Verilog HDL or VHDL warning at I2C_master.v(82): object "timer1_flag" assigned a value but never read
Warning (10036): Verilog HDL or VHDL warning at I2C_master.v(83): object "timer2_flag" assigned a value but never read
Warning (10036): Verilog HDL or VHDL warning at I2C_master.v(84): object "timer3_flag" assigned a value but never read
Warning (10036): Verilog HDL or VHDL warning at I2C_master.v(86): object "timer5_flag" assigned a value but never read
Warning (10036): Verilog HDL or VHDL warning at I2C_master.v(87): object "timer6_flag" assigned a value but never read
Warning (10036): Verilog HDL or VHDL warning at I2C_master.v(88): object "timer7_flag" assigned a value but never read
Warning (10036): Verilog HDL or VHDL warning at I2C_master.v(89): object "timer8_flag" assigned a value but never read
Warning (10036): Verilog HDL or VHDL warning at I2C_master.v(90): object "timer9_flag" assigned a value but never read
Warning (10036): Verilog HDL or VHDL warning at I2C_master.v(91): object "delay_flag" assigned a value but never read
Warning (10036): Verilog HDL or VHDL warning at I2C_master.v(93): object "timer1_loop" assigned a value but never read
Warning (10230): Verilog HDL assignment warning at I2C_master.v(423): truncated value with size 9 to match size of target (8)
Warning (10230): Verilog HDL assignment warning at I2C_master.v(424): truncated value with size 32 to match size of target (9)
Warning (10230): Verilog HDL assignment warning at I2C_master.v(371): truncated value with size 32 to match size of target (8)
Info (278001): Inferred 5 megafunctions from design logic
    Info (278004): Inferred divider/modulo megafunction ("lpm_divide") from the following logic: "Div1"
    Info (278004): Inferred divider/modulo megafunction ("lpm_divide") from the following logic: "Mod1"
    Info (278004): Inferred divider/modulo megafunction ("lpm_divide") from the following logic: "Mod2"
    Info (278004): Inferred divider/modulo megafunction ("lpm_divide") from the following logic: "Div0"
    Info (278004): Inferred divider/modulo megafunction ("lpm_divide") from the following logic: "Mod0"
Info (12130): Elaborated megafunction instantiation "lpm_divide:Div1"
Info (12133): Instantiated megafunction "lpm_divide:Div1" with the following parameter:
    Info (12134): Parameter "LPM_WIDTHN" = "8"
    Info (12134): Parameter "LPM_WIDTHD" = "4"
    Info (12134): Parameter "LPM_NREPRESENTATION" = "UNSIGNED"
    Info (12134): Parameter "LPM_DREPRESENTATION" = "UNSIGNED"
Info (12021): Found 1 design units, including 1 entities, in source file db/lpm_divide_jhm.tdf
    Info (12023): Found entity 1: lpm_divide_jhm
Info (12021): Found 1 design units, including 1 entities, in source file db/sign_div_unsign_bkh.tdf
    Info (12023): Found entity 1: sign_div_unsign_bkh
Info (12021): Found 1 design units, including 1 entities, in source file db/alt_u_div_a4f.tdf
    Info (12023): Found entity 1: alt_u_div_a4f
Info (12021): Found 1 design units, including 1 entities, in source file db/add_sub_7pc.tdf
    Info (12023): Found entity 1: add_sub_7pc
Info (12021): Found 1 design units, including 1 entities, in source file db/add_sub_8pc.tdf
    Info (12023): Found entity 1: add_sub_8pc
Info (12130): Elaborated megafunction instantiation "lpm_divide:Mod1"
Info (12133): Instantiated megafunction "lpm_divide:Mod1" with the following parameter:
    Info (12134): Parameter "LPM_WIDTHN" = "8"
    Info (12134): Parameter "LPM_WIDTHD" = "4"
    Info (12134): Parameter "LPM_NREPRESENTATION" = "UNSIGNED"
    Info (12134): Parameter "LPM_DREPRESENTATION" = "UNSIGNED"
Info (12021): Found 1 design units, including 1 entities, in source file db/lpm_divide_m9m.tdf
    Info (12023): Found entity 1: lpm_divide_m9m
Info (12130): Elaborated megafunction instantiation "lpm_divide:Div0"
Info (12133): Instantiated megafunction "lpm_divide:Div0" with the following parameter:
    Info (12134): Parameter "LPM_WIDTHN" = "8"
    Info (12134): Parameter "LPM_WIDTHD" = "7"
    Info (12134): Parameter "LPM_NREPRESENTATION" = "UNSIGNED"
    Info (12134): Parameter "LPM_DREPRESENTATION" = "UNSIGNED"
Info (12021): Found 1 design units, including 1 entities, in source file db/lpm_divide_mhm.tdf
    Info (12023): Found entity 1: lpm_divide_mhm
Info (12021): Found 1 design units, including 1 entities, in source file db/sign_div_unsign_ekh.tdf
    Info (12023): Found entity 1: sign_div_unsign_ekh
Info (12021): Found 1 design units, including 1 entities, in source file db/alt_u_div_g4f.tdf
    Info (12023): Found entity 1: alt_u_div_g4f
Warning (12241): 2 hierarchies have connectivity warnings - see the Connectivity Checks report folder
Warning (13034): The following nodes have both tri-state and non-tri-state drivers
    Warning (13035): Inserted always-enabled tri-state buffer between "SCL" and its non-tri-state driver.
Info (13060): One or more bidirs are fed by always enabled tri-state buffers
    Info (13061): Fan-out of permanently enabled tri-state buffer feeding bidir "SCL" is moved to its source
Info (13000): Registers with preset signals will power-up high
Info (13003): DEV_CLRn pin will set, and not reset, register with preset signal due to NOT Gate Push-Back
Warning (13009): TRI or OPNDRN buffers permanently enabled
    Warning (13010): Node "SCL~synth"
Info (286030): Timing-Driven Synthesis is running
Info (17049): 77 registers lost all their fanouts during netlist optimizations.
Info (144001): Generated suppressed messages file D:/LM75_verilog_altera/output_files/LM75.map.smsg
Info (16010): Generating hard_block partition "hard_block:auto_generated_inst"
    Info (16011): Adding 0 node(s), including 0 DDIO, 0 PLL, 0 transceiver and 0 LCELL
Info (21057): Implemented 590 device resources after synthesis - the final resource count might be different
    Info (21058): Implemented 2 input pins
    Info (21059): Implemented 16 output pins
    Info (21060): Implemented 2 bidirectional pins
    Info (21061): Implemented 570 logic cells
Info: Quartus II 64-Bit Analysis & Synthesis was successful. 0 errors, 37 warnings
    Info: Peak virtual memory: 459 megabytes
    Info: Processing ended: Mon Sep 05 12:03:06 2022
    Info: Elapsed time: 00:00:15
    Info: Total CPU time (on all processors): 00:00:12


+------------------------------------------+
; Analysis & Synthesis Suppressed Messages ;
+------------------------------------------+
The suppressed messages can be found in D:/LM75_verilog_altera/output_files/LM75.map.smsg.


